<html>
<body>
<pre>
<h1>礦ision Build Log</h1>
<h2>Tool Versions:</h2>
IDE-Version: μVision V5.41.0.0
Copyright (C) 2024 ARM Ltd and ARM Germany GmbH. All rights reserved.
License Information: 1 king, 1, LIC=EXJT4-FT2PF-BSCYX-HCP18-BHKEQ-K1803
 
Tool Versions:
Toolchain:       MDK-ARM Plus  Version: 5.41.0.0
Toolchain Path:  D:\Keil_v5\ARM\ARMCC\Bin
C Compiler:      Armcc.exe V5.06 update 6 (build 750)
Assembler:       Armasm.exe V5.06 update 6 (build 750)
Linker/Locator:  ArmLink.exe V5.06 update 6 (build 750)
Library Manager: ArmAr.exe V5.06 update 6 (build 750)
Hex Converter:   FromElf.exe V5.06 update 6 (build 750)
CPU DLL:         SARMCM3.DLL V5.41.0.0
Dialog DLL:      DCM.DLL V1.17.5.0
Target DLL:      STLink\ST-LINKIII-KEIL_SWO.dll V3.3.0.0
Dialog DLL:      TCM.DLL V1.56.4.0
 
<h2>Project:</h2>
D:\Desktop\工业车间环境保障系统all_ultimate\project.uvprojx
Project File Date:  03/14/2026

<h2>Output:</h2>
*** Using Compiler 'V5.06 update 6 (build 750)', folder: 'D:\Keil_v5\ARM\ARMCC\Bin'
Build target 'Target_1'
compiling heap_4.c...
.\Freertos\FreeRTOSConfig.h(147): warning:  #47-D: incompatible redefinition of macro "configUSE_TRACE_FACILITY"  (declared at line 114)
  #define configUSE_TRACE_FACILITY 1   // ??????
.\Freertos\FreeRTOSConfig.h(148): warning:  #47-D: incompatible redefinition of macro "configUSE_STATS_FORMATTING_FUNCTIONS"  (declared at line 115)
  #define configUSE_STATS_FORMATTING_FUNCTIONS 1  // ?????????
Freertos\port\heap_4.c: 2 warnings, 0 errors
compiling croutine.c...
.\Freertos\FreeRTOSConfig.h(147): warning:  #47-D: incompatible redefinition of macro "configUSE_TRACE_FACILITY"  (declared at line 114)
  #define configUSE_TRACE_FACILITY 1   // ??????
.\Freertos\FreeRTOSConfig.h(148): warning:  #47-D: incompatible redefinition of macro "configUSE_STATS_FORMATTING_FUNCTIONS"  (declared at line 115)
  #define configUSE_STATS_FORMATTING_FUNCTIONS 1  // ?????????
Freertos\src\croutine.c: 2 warnings, 0 errors
compiling port.c...
.\Freertos\FreeRTOSConfig.h(147): warning:  #47-D: incompatible redefinition of macro "configUSE_TRACE_FACILITY"  (declared at line 114)
  #define configUSE_TRACE_FACILITY 1   // ??????
.\Freertos\FreeRTOSConfig.h(148): warning:  #47-D: incompatible redefinition of macro "configUSE_STATS_FORMATTING_FUNCTIONS"  (declared at line 115)
  #define configUSE_STATS_FORMATTING_FUNCTIONS 1  // ?????????
Freertos\port\port.c: 2 warnings, 0 errors
compiling list.c...
.\Freertos\FreeRTOSConfig.h(147): warning:  #47-D: incompatible redefinition of macro "configUSE_TRACE_FACILITY"  (declared at line 114)
  #define configUSE_TRACE_FACILITY 1   // ??????
.\Freertos\FreeRTOSConfig.h(148): warning:  #47-D: incompatible redefinition of macro "configUSE_STATS_FORMATTING_FUNCTIONS"  (declared at line 115)
  #define configUSE_STATS_FORMATTING_FUNCTIONS 1  // ?????????
Freertos\src\list.c: 2 warnings, 0 errors
compiling event_groups.c...
.\Freertos\FreeRTOSConfig.h(147): warning:  #47-D: incompatible redefinition of macro "configUSE_TRACE_FACILITY"  (declared at line 114)
  #define configUSE_TRACE_FACILITY 1   // ??????
.\Freertos\FreeRTOSConfig.h(148): warning:  #47-D: incompatible redefinition of macro "configUSE_STATS_FORMATTING_FUNCTIONS"  (declared at line 115)
  #define configUSE_STATS_FORMATTING_FUNCTIONS 1  // ?????????
Freertos\src\event_groups.c: 2 warnings, 0 errors
compiling diag_task.c...
.\Freertos\FreeRTOSConfig.h(147): warning:  #47-D: incompatible redefinition of macro "configUSE_TRACE_FACILITY"  (declared at line 114)
  #define configUSE_TRACE_FACILITY 1   // ??????
.\Freertos\FreeRTOSConfig.h(148): warning:  #47-D: incompatible redefinition of macro "configUSE_STATS_FORMATTING_FUNCTIONS"  (declared at line 115)
  #define configUSE_STATS_FORMATTING_FUNCTIONS 1  // ?????????
hardware\diag_task.c: 2 warnings, 0 errors
compiling all_sensor_data.c...
.\Freertos\FreeRTOSConfig.h(147): warning:  #47-D: incompatible redefinition of macro "configUSE_TRACE_FACILITY"  (declared at line 114)
  #define configUSE_TRACE_FACILITY 1   // ??????
.\Freertos\FreeRTOSConfig.h(148): warning:  #47-D: incompatible redefinition of macro "configUSE_STATS_FORMATTING_FUNCTIONS"  (declared at line 115)
  #define configUSE_STATS_FORMATTING_FUNCTIONS 1  // ?????????
hardware\all_sensor_data.c: 2 warnings, 0 errors
compiling timers.c...
.\Freertos\FreeRTOSConfig.h(147): warning:  #47-D: incompatible redefinition of macro "configUSE_TRACE_FACILITY"  (declared at line 114)
  #define configUSE_TRACE_FACILITY 1   // ??????
.\Freertos\FreeRTOSConfig.h(148): warning:  #47-D: incompatible redefinition of macro "configUSE_STATS_FORMATTING_FUNCTIONS"  (declared at line 115)
  #define configUSE_STATS_FORMATTING_FUNCTIONS 1  // ?????????
Freertos\src\timers.c: 2 warnings, 0 errors
compiling stream_buffer.c...
.\Freertos\FreeRTOSConfig.h(147): warning:  #47-D: incompatible redefinition of macro "configUSE_TRACE_FACILITY"  (declared at line 114)
  #define configUSE_TRACE_FACILITY 1   // ??????
.\Freertos\FreeRTOSConfig.h(148): warning:  #47-D: incompatible redefinition of macro "configUSE_STATS_FORMATTING_FUNCTIONS"  (declared at line 115)
  #define configUSE_STATS_FORMATTING_FUNCTIONS 1  // ?????????
Freertos\src\stream_buffer.c: 2 warnings, 0 errors
compiling queue.c...
.\Freertos\FreeRTOSConfig.h(147): warning:  #47-D: incompatible redefinition of macro "configUSE_TRACE_FACILITY"  (declared at line 114)
  #define configUSE_TRACE_FACILITY 1   // ??????
.\Freertos\FreeRTOSConfig.h(148): warning:  #47-D: incompatible redefinition of macro "configUSE_STATS_FORMATTING_FUNCTIONS"  (declared at line 115)
  #define configUSE_STATS_FORMATTING_FUNCTIONS 1  // ?????????
Freertos\src\queue.c: 2 warnings, 0 errors
compiling tasks.c...
.\Freertos\FreeRTOSConfig.h(147): warning:  #47-D: incompatible redefinition of macro "configUSE_TRACE_FACILITY"  (declared at line 114)
  #define configUSE_TRACE_FACILITY 1   // ??????
.\Freertos\FreeRTOSConfig.h(148): warning:  #47-D: incompatible redefinition of macro "configUSE_STATS_FORMATTING_FUNCTIONS"  (declared at line 115)
  #define configUSE_STATS_FORMATTING_FUNCTIONS 1  // ?????????
Freertos\src\tasks.c: 2 warnings, 0 errors
compiling stm32f4xx_it.c...
.\Freertos\FreeRTOSConfig.h(147): warning:  #47-D: incompatible redefinition of macro "configUSE_TRACE_FACILITY"  (declared at line 114)
  #define configUSE_TRACE_FACILITY 1   // ??????
.\Freertos\FreeRTOSConfig.h(148): warning:  #47-D: incompatible redefinition of macro "configUSE_STATS_FORMATTING_FUNCTIONS"  (declared at line 115)
  #define configUSE_STATS_FORMATTING_FUNCTIONS 1  // ?????????
User\stm32f4xx_it.c: 2 warnings, 0 errors
compiling screen.c...
.\Freertos\FreeRTOSConfig.h(147): warning:  #47-D: incompatible redefinition of macro "configUSE_TRACE_FACILITY"  (declared at line 114)
  #define configUSE_TRACE_FACILITY 1   // ??????
.\Freertos\FreeRTOSConfig.h(148): warning:  #47-D: incompatible redefinition of macro "configUSE_STATS_FORMATTING_FUNCTIONS"  (declared at line 115)
  #define configUSE_STATS_FORMATTING_FUNCTIONS 1  // ?????????
hardware\screen.c(241): warning:  #550-D: variable "s_time_ts"  was set but never used
  static uint32_t s_time_ts = 0U;                            /**< 鏈�鍚?鏀?鍒?鐨? UNIX 鏃?闂?鎴? */
hardware\screen.c(242): warning:  #550-D: variable "s_time_has_ts"  was set but never used
  static uint8_t s_time_has_ts = 0U;                         /**< UNIX 鏃?闂?鎴?鏄?鍚?鏈?鏁? */
hardware\screen.c: 4 warnings, 0 errors
compiling delay.c...
.\Freertos\FreeRTOSConfig.h(147): warning:  #47-D: incompatible redefinition of macro "configUSE_TRACE_FACILITY"  (declared at line 114)
  #define configUSE_TRACE_FACILITY 1   // ??????
.\Freertos\FreeRTOSConfig.h(148): warning:  #47-D: incompatible redefinition of macro "configUSE_STATS_FORMATTING_FUNCTIONS"  (declared at line 115)
  #define configUSE_STATS_FORMATTING_FUNCTIONS 1  // ?????????
hardware\delay.c: 2 warnings, 0 errors
compiling Modbus_Relay.c...
.\Freertos\FreeRTOSConfig.h(147): warning:  #47-D: incompatible redefinition of macro "configUSE_TRACE_FACILITY"  (declared at line 114)
  #define configUSE_TRACE_FACILITY 1   // ??????
.\Freertos\FreeRTOSConfig.h(148): warning:  #47-D: incompatible redefinition of macro "configUSE_STATS_FORMATTING_FUNCTIONS"  (declared at line 115)
  #define configUSE_STATS_FORMATTING_FUNCTIONS 1  // ?????????
hardware\Modbus_Relay.c: 2 warnings, 0 errors
compiling motor_fan.c...
.\Freertos\FreeRTOSConfig.h(147): warning:  #47-D: incompatible redefinition of macro "configUSE_TRACE_FACILITY"  (declared at line 114)
  #define configUSE_TRACE_FACILITY 1   // ??????
.\Freertos\FreeRTOSConfig.h(148): warning:  #47-D: incompatible redefinition of macro "configUSE_STATS_FORMATTING_FUNCTIONS"  (declared at line 115)
  #define configUSE_STATS_FORMATTING_FUNCTIONS 1  // ?????????
hardware\motor_fan.c: 2 warnings, 0 errors
compiling main.c...
.\Freertos\FreeRTOSConfig.h(147): warning:  #47-D: incompatible redefinition of macro "configUSE_TRACE_FACILITY"  (declared at line 114)
  #define configUSE_TRACE_FACILITY 1   // ??????
.\Freertos\FreeRTOSConfig.h(148): warning:  #47-D: incompatible redefinition of macro "configUSE_STATS_FORMATTING_FUNCTIONS"  (declared at line 115)
  #define configUSE_STATS_FORMATTING_FUNCTIONS 1  // ?????????
User\main.c: 2 warnings, 0 errors
compiling logic.c...
.\Freertos\FreeRTOSConfig.h(147): warning:  #47-D: incompatible redefinition of macro "configUSE_TRACE_FACILITY"  (declared at line 114)
  #define configUSE_TRACE_FACILITY 1   // ??????
.\Freertos\FreeRTOSConfig.h(148): warning:  #47-D: incompatible redefinition of macro "configUSE_STATS_FORMATTING_FUNCTIONS"  (declared at line 115)
  #define configUSE_STATS_FORMATTING_FUNCTIONS 1  // ?????????
hardware\logic.c: 2 warnings, 0 errors
compiling esp01s.c...
.\Freertos\FreeRTOSConfig.h(147): warning:  #47-D: incompatible redefinition of macro "configUSE_TRACE_FACILITY"  (declared at line 114)
  #define configUSE_TRACE_FACILITY 1   // ??????
.\Freertos\FreeRTOSConfig.h(148): warning:  #47-D: incompatible redefinition of macro "configUSE_STATS_FORMATTING_FUNCTIONS"  (declared at line 115)
  #define configUSE_STATS_FORMATTING_FUNCTIONS 1  // ?????????
hardware\esp01s.c(2454): warning:  #550-D: variable "view"  was set but never used
      const char *view;
hardware\esp01s.c: 3 warnings, 0 errors
compiling mqtt_app.c...
.\Freertos\FreeRTOSConfig.h(147): warning:  #47-D: incompatible redefinition of macro "configUSE_TRACE_FACILITY"  (declared at line 114)
  #define configUSE_TRACE_FACILITY 1   // ??????
.\Freertos\FreeRTOSConfig.h(148): warning:  #47-D: incompatible redefinition of macro "configUSE_STATS_FORMATTING_FUNCTIONS"  (declared at line 115)
  #define configUSE_STATS_FORMATTING_FUNCTIONS 1  // ?????????
hardware\mqtt_app.c: 2 warnings, 0 errors
compiling runtime_config.c...
.\Freertos\FreeRTOSConfig.h(147): warning:  #47-D: incompatible redefinition of macro "configUSE_TRACE_FACILITY"  (declared at line 114)
  #define configUSE_TRACE_FACILITY 1   // ??????
.\Freertos\FreeRTOSConfig.h(148): warning:  #47-D: incompatible redefinition of macro "configUSE_STATS_FORMATTING_FUNCTIONS"  (declared at line 115)
  #define configUSE_STATS_FORMATTING_FUNCTIONS 1  // ?????????
hardware\runtime_config.c: 2 warnings, 0 errors
linking...
Program Size: Code=69660 RO-data=6732 RW-data=556 ZI-data=90340  
".\Objects\project.axf" - 0 Error(s), 45 Warning(s).

<h2>Software Packages used:</h2>

Package Vendor: Keil
                https://www.keil.com/pack/Keil.STM32F4xx_DFP.3.0.0.pack
                Keil::STM32F4xx_DFP@3.0.0
                STMicroelectronics STM32F4 Series Device Support

<h2>Collection of Component include folders:</h2>

<h2>Collection of Component Files used:</h2>
Build Time Elapsed:  00:00:03
</pre>
</body>
</html>
