Component: ARM Compiler 5.06 update 6 (build 750) Tool: armlink [4d35ed]

==============================================================================

Section Cross References

    startup_stm32f40_41xxx.o(STACK) refers (Special) to heapauxi.o(.text) for __use_two_region_memory
    startup_stm32f40_41xxx.o(HEAP) refers (Special) to heapauxi.o(.text) for __use_two_region_memory
    startup_stm32f40_41xxx.o(RESET) refers (Special) to heapauxi.o(.text) for __use_two_region_memory
    startup_stm32f40_41xxx.o(RESET) refers to startup_stm32f40_41xxx.o(STACK) for __initial_sp
    startup_stm32f40_41xxx.o(RESET) refers to startup_stm32f40_41xxx.o(.text) for Reset_Handler
    startup_stm32f40_41xxx.o(RESET) refers to stm32f4xx_it.o(i.NMI_Handler) for NMI_Handler
    startup_stm32f40_41xxx.o(RESET) refers to stm32f4xx_it.o(i.HardFault_Handler) for HardFault_Handler
    startup_stm32f40_41xxx.o(RESET) refers to stm32f4xx_it.o(i.MemManage_Handler) for MemManage_Handler
    startup_stm32f40_41xxx.o(RESET) refers to stm32f4xx_it.o(i.BusFault_Handler) for BusFault_Handler
    startup_stm32f40_41xxx.o(RESET) refers to stm32f4xx_it.o(i.UsageFault_Handler) for UsageFault_Handler
    startup_stm32f40_41xxx.o(RESET) refers to port.o(.emb_text) for SVC_Handler
    startup_stm32f40_41xxx.o(RESET) refers to stm32f4xx_it.o(i.DebugMon_Handler) for DebugMon_Handler
    startup_stm32f40_41xxx.o(RESET) refers to port.o(i.SysTick_Handler) for SysTick_Handler
    startup_stm32f40_41xxx.o(RESET) refers to uart1_modbus.o(i.USART1_IRQHandler) for USART1_IRQHandler
    startup_stm32f40_41xxx.o(RESET) refers to uart2_esp01s.o(i.USART2_IRQHandler) for USART2_IRQHandler
    startup_stm32f40_41xxx.o(RESET) refers to usart3_debug.o(i.USART3_IRQHandler) for USART3_IRQHandler
    startup_stm32f40_41xxx.o(RESET) refers to uart4_screen.o(i.UART4_IRQHandler) for UART4_IRQHandler
    startup_stm32f40_41xxx.o(.text) refers (Special) to heapauxi.o(.text) for __use_two_region_memory
    startup_stm32f40_41xxx.o(.text) refers to system_stm32f4xx.o(i.SystemInit) for SystemInit
    startup_stm32f40_41xxx.o(.text) refers to __main.o(!!!main) for __main
    startup_stm32f40_41xxx.o(.text) refers to startup_stm32f40_41xxx.o(HEAP) for Heap_Mem
    startup_stm32f40_41xxx.o(.text) refers to startup_stm32f40_41xxx.o(STACK) for Stack_Mem
    stm32f4xx_adc.o(i.ADC_DeInit) refers to stm32f4xx_rcc.o(i.RCC_APB2PeriphResetCmd) for RCC_APB2PeriphResetCmd
    stm32f4xx_can.o(i.CAN_DeInit) refers to stm32f4xx_rcc.o(i.RCC_APB1PeriphResetCmd) for RCC_APB1PeriphResetCmd
    stm32f4xx_can.o(i.CAN_GetITStatus) refers to stm32f4xx_can.o(i.CheckITStatus) for CheckITStatus
    stm32f4xx_cryp.o(i.CRYP_DeInit) refers to stm32f4xx_rcc.o(i.RCC_AHB2PeriphResetCmd) for RCC_AHB2PeriphResetCmd
    stm32f4xx_cryp_aes.o(i.CRYP_AES_CBC) refers to stm32f4xx_cryp.o(i.CRYP_KeyStructInit) for CRYP_KeyStructInit
    stm32f4xx_cryp_aes.o(i.CRYP_AES_CBC) refers to stm32f4xx_cryp.o(i.CRYP_FIFOFlush) for CRYP_FIFOFlush
    stm32f4xx_cryp_aes.o(i.CRYP_AES_CBC) refers to stm32f4xx_cryp.o(i.CRYP_Init) for CRYP_Init
    stm32f4xx_cryp_aes.o(i.CRYP_AES_CBC) refers to stm32f4xx_cryp.o(i.CRYP_KeyInit) for CRYP_KeyInit
    stm32f4xx_cryp_aes.o(i.CRYP_AES_CBC) refers to stm32f4xx_cryp.o(i.CRYP_Cmd) for CRYP_Cmd
    stm32f4xx_cryp_aes.o(i.CRYP_AES_CBC) refers to stm32f4xx_cryp.o(i.CRYP_GetFlagStatus) for CRYP_GetFlagStatus
    stm32f4xx_cryp_aes.o(i.CRYP_AES_CBC) refers to stm32f4xx_cryp.o(i.CRYP_IVInit) for CRYP_IVInit
    stm32f4xx_cryp_aes.o(i.CRYP_AES_CBC) refers to stm32f4xx_cryp.o(i.CRYP_GetCmdStatus) for CRYP_GetCmdStatus
    stm32f4xx_cryp_aes.o(i.CRYP_AES_CBC) refers to stm32f4xx_cryp.o(i.CRYP_DataIn) for CRYP_DataIn
    stm32f4xx_cryp_aes.o(i.CRYP_AES_CBC) refers to stm32f4xx_cryp.o(i.CRYP_DataOut) for CRYP_DataOut
    stm32f4xx_cryp_aes.o(i.CRYP_AES_CCM) refers to stm32f4xx_cryp.o(i.CRYP_KeyStructInit) for CRYP_KeyStructInit
    stm32f4xx_cryp_aes.o(i.CRYP_AES_CCM) refers to stm32f4xx_cryp.o(i.CRYP_FIFOFlush) for CRYP_FIFOFlush
    stm32f4xx_cryp_aes.o(i.CRYP_AES_CCM) refers to stm32f4xx_cryp.o(i.CRYP_KeyInit) for CRYP_KeyInit
    stm32f4xx_cryp_aes.o(i.CRYP_AES_CCM) refers to stm32f4xx_cryp.o(i.CRYP_IVInit) for CRYP_IVInit
    stm32f4xx_cryp_aes.o(i.CRYP_AES_CCM) refers to stm32f4xx_cryp.o(i.CRYP_Init) for CRYP_Init
    stm32f4xx_cryp_aes.o(i.CRYP_AES_CCM) refers to stm32f4xx_cryp.o(i.CRYP_PhaseConfig) for CRYP_PhaseConfig
    stm32f4xx_cryp_aes.o(i.CRYP_AES_CCM) refers to stm32f4xx_cryp.o(i.CRYP_DataIn) for CRYP_DataIn
    stm32f4xx_cryp_aes.o(i.CRYP_AES_CCM) refers to stm32f4xx_cryp.o(i.CRYP_Cmd) for CRYP_Cmd
    stm32f4xx_cryp_aes.o(i.CRYP_AES_CCM) refers to stm32f4xx_cryp.o(i.CRYP_GetCmdStatus) for CRYP_GetCmdStatus
    stm32f4xx_cryp_aes.o(i.CRYP_AES_CCM) refers to stm32f4xx_cryp.o(i.CRYP_GetFlagStatus) for CRYP_GetFlagStatus
    stm32f4xx_cryp_aes.o(i.CRYP_AES_CCM) refers to stm32f4xx_cryp.o(i.CRYP_DataOut) for CRYP_DataOut
[...]
    __libspace_start                         0x20015cb0   Data          96  libspace.o(.bss)
    __temporary_stack_top$libspace           0x20015d10   Data           0  libspace.o(.bss)



==============================================================================

Memory Map of the image

  Image Entry point : 0x08000189

  Load Region LR_IROM1 (Base: 0x08000000, Size: 0x00012c94, Max: 0x00100000, ABSOLUTE, COMPRESSED[0x00012ac4])

    Execution Region ER_IROM1 (Exec base: 0x08000000, Load base: 0x08000000, Size: 0x00012a68, Max: 0x00100000, ABSOLUTE)

    Exec Addr    Load Addr    Size         Type   Attr      Idx    E Section Name        Object

    0x08000000   0x08000000   0x00000188   Data   RO            3    RESET               startup_stm32f40_41xxx.o
    0x08000188   0x08000188   0x00000008   Code   RO         9472  * !!!main             c_w.l(__main.o)
    0x08000190   0x08000190   0x00000034   Code   RO         9957    !!!scatter          c_w.l(__scatter.o)
    0x080001c4   0x080001c4   0x0000005a   Code   RO         9955    !!dczerorl2         c_w.l(__dczerorl2.o)
    0x0800021e   0x0800021e   0x00000002   PAD
    0x08000220   0x08000220   0x0000001c   Code   RO         9959    !!handler_zi        c_w.l(__scatter_zi.o)
    0x0800023c   0x0800023c   0x00000000   Code   RO         9439    .ARM.Collect$$_printf_percent$$00000000  c_w.l(_printf_percent.o)
    0x0800023c   0x0800023c   0x00000006   Code   RO         9598    .ARM.Collect$$_printf_percent$$00000001  c_w.l(_printf_n.o)
    0x08000242   0x08000242   0x00000006   Code   RO         9600    .ARM.Collect$$_printf_percent$$00000002  c_w.l(_printf_p.o)
    0x08000248   0x08000248   0x00000006   Code   RO         9438    .ARM.Collect$$_printf_percent$$00000003  c_w.l(_printf_f.o)
    0x0800024e   0x0800024e   0x00000006   Code   RO         9603    .ARM.Collect$$_printf_percent$$00000004  c_w.l(_printf_e.o)
    0x08000254   0x08000254   0x00000006   Code   RO         9604    .ARM.Collect$$_printf_percent$$00000005  c_w.l(_printf_g.o)
    0x0800025a   0x0800025a   0x00000006   Code   RO         9605    .ARM.Collect$$_printf_percent$$00000006  c_w.l(_printf_a.o)
    0x08000260   0x08000260   0x0000000a   Code   RO         9610    .ARM.Collect$$_printf_percent$$00000007  c_w.l(_printf_ll.o)
    0x0800026a   0x0800026a   0x00000006   Code   RO         9602    .ARM.Collect$$_printf_percent$$00000008  c_w.l(_printf_i.o)
    0x08000270   0x08000270   0x00000006   Code   RO         9436    .ARM.Collect$$_printf_percent$$00000009  c_w.l(_printf_d.o)
    0x08000276   0x08000276   0x00000006   Code   RO         9437    .ARM.Collect$$_printf_percent$$0000000A  c_w.l(_printf_u.o)
    0x0800027c   0x0800027c   0x00000006   Code   RO         9601    .ARM.Collect$$_printf_percent$$0000000B  c_w.l(_printf_o.o)
    0x08000282   0x08000282   0x00000006   Code   RO         9599    .ARM.Collect$$_printf_percent$$0000000C  c_w.l(_printf_x.o)
    0x08000288   0x08000288   0x00000006   Code   RO         9607    .ARM.Collect$$_printf_percent$$0000000D  c_w.l(_printf_lli.o)
    0x0800028e   0x0800028e   0x00000006   Code   RO         9608    .ARM.Collect$$_printf_percent$$0000000E  c_w.l(_printf_lld.o)
    0x08000294   0x08000294   0x00000006   Code   RO         9609    .ARM.Collect$$_printf_percent$$0000000F  c_w.l(_printf_llu.o)
    0x0800029a   0x0800029a   0x00000006   Code   RO         9614    .ARM.Collect$$_printf_percent$$00000010  c_w.l(_printf_llo.o)
    0x080002a0   0x080002a0   0x00000006   Code   RO         9615    .ARM.Collect$$_printf_percent$$00000011  c_w.l(_printf_llx.o)
    0x080002a6   0x080002a6   0x0000000a   Code   RO         9611    .ARM.Collect$$_printf_percent$$00000012  c_w.l(_printf_l.o)
    0x080002b0   0x080002b0   0x00000006   Code   RO         9434    .ARM.Collect$$_printf_percent$$00000013  c_w.l(_printf_c.o)
    0x080002b6   0x080002b6   0x00000006   Code   RO         9435    .ARM.Collect$$_printf_percent$$00000014  c_w.l(_printf_s.o)
    0x080002bc   0x080002bc   0x00000006   Code   RO         9612    .ARM.Collect$$_printf_percent$$00000015  c_w.l(_printf_lc.o)
    0x080002c2   0x080002c2   0x00000006   Code   RO         9613    .ARM.Collect$$_printf_percent$$00000016  c_w.l(_printf_ls.o)
    0x080002c8   0x080002c8   0x00000004   Code   RO         9606    .ARM.Collect$$_printf_percent$$00000017  c_w.l(_printf_percent_end.o)
    0x080002cc   0x080002cc   0x00000002   Code   RO         9778    .ARM.Collect$$libinit$$00000000  c_w.l(libinit.o)
    0x080002ce   0x080002ce   0x00000004   Code   RO         9779    .ARM.Collect$$libinit$$00000001  c_w.l(libinit2.o)
    0x080002d2   0x080002d2   0x00000000   Code   RO         9782    .ARM.Collect$$libinit$$00000004  c_w.l(libinit2.o)
    0x080002d2   0x080002d2   0x00000000   Code   RO         9785    .ARM.Collect$$libinit$$0000000A  c_w.l(libinit2.o)
    0x080002d2   0x080002d2   0x00000000   Code   RO         9787    .ARM.Collect$$libinit$$0000000C  c_w.l(libinit2.o)
    0x080002d2   0x080002d2   0x00000000   Code   RO         9789    .ARM.Collect$$libinit$$0000000E  c_w.l(libinit2.o)
    0x080002d2   0x080002d2   0x00000006   Code   RO         9790    .ARM.Collect$$libinit$$0000000F  c_w.l(libinit2.o)
    0x080002d8   0x080002d8   0x00000000   Code   RO         9792    .ARM.Collect$$libinit$$00000011  c_w.l(libinit2.o)
    0x080002d8   0x080002d8   0x0000000c   Code   RO         9793    .ARM.Collect$$libinit$$00000012  c_w.l(libinit2.o)
    0x080002e4   0x080002e4   0x00000000   Code   RO         9794    .ARM.Collect$$libinit$$00000013  c_w.l(libinit2.o)
    0x080002e4   0x080002e4   0x00000000   Code   RO         9796    .ARM.Collect$$libinit$$00000015  c_w.l(libinit2.o)
    0x080002e4   0x080002e4   0x0000000a   Code   RO         9797    .ARM.Collect$$libinit$$00000016  c_w.l(libinit2.o)
    0x080002ee   0x080002ee   0x00000000   Code   RO         9798    .ARM.Collect$$libinit$$00000017  c_w.l(libinit2.o)
    0x080002ee   0x080002ee   0x00000000   Code   RO         9800    .ARM.Collect$$libinit$$00000019  c_w.l(libinit2.o)
    0x080002ee   0x080002ee   0x00000000   Code   RO         9802    .ARM.Collect$$libinit$$0000001B  c_w.l(libinit2.o)
    0x080002ee   0x080002ee   0x00000000   Code   RO         9804    .ARM.Collect$$libinit$$0000001D  c_w.l(libinit2.o)
    0x080002ee   0x080002ee   0x00000000   Code   RO         9806    .ARM.Collect$$libinit$$0000001F  c_w.l(libinit2.o)
    0x080002ee   0x080002ee   0x00000000   Code   RO         9808    .ARM.Collect$$libinit$$00000021  c_w.l(libinit2.o)
    0x080002ee   0x080002ee   0x00000000   Code   RO         9810    .ARM.Collect$$libinit$$00000023  c_w.l(libinit2.o)
    0x080002ee   0x080002ee   0x00000000   Code   RO         9812    .ARM.Collect$$libinit$$00000025  c_w.l(libinit2.o)
    0x080002ee   0x080002ee   0x00000000   Code   RO         9816    .ARM.Collect$$libinit$$0000002C  c_w.l(libinit2.o)
    0x080002ee   0x080002ee   0x00000000   Code   RO         9818    .ARM.Collect$$libinit$$0000002E  c_w.l(libinit2.o)
    0x080002ee   0x080002ee   0x00000000   Code   RO         9820    .ARM.Collect$$libinit$$00000030  c_w.l(libinit2.o)
    0x080002ee   0x080002ee   0x00000000   Code   RO         9822    .ARM.Collect$$libinit$$00000032  c_w.l(libinit2.o)
    0x080002ee   0x080002ee   0x00000002   Code   RO         9823    .ARM.Collect$$libinit$$00000033  c_w.l(libinit2.o)
    0x080002f0   0x080002f0   0x00000002   Code   RO         9895    .ARM.Collect$$libshutdown$$00000000  c_w.l(libshutdown.o)
    0x080002f2   0x080002f2   0x00000000   Code   RO         9930    .ARM.Collect$$libshutdown$$00000002  c_w.l(libshutdown2.o)
    0x080002f2   0x080002f2   0x00000000   Code   RO         9932    .ARM.Collect$$libshutdown$$00000004  c_w.l(libshutdown2.o)
    0x080002f2   0x080002f2   0x00000000   Code   RO         9935    .ARM.Collect$$libshutdown$$00000007  c_w.l(libshutdown2.o)
    0x080002f2   0x080002f2   0x00000000   Code   RO         9938    .ARM.Collect$$libshutdown$$0000000A  c_w.l(libshutdown2.o)
    0x080002f2   0x080002f2   0x00000000   Code   RO         9940    .ARM.Collect$$libshutdown$$0000000C  c_w.l(libshutdown2.o)
    0x080002f2   0x080002f2   0x00000000   Code   RO         9943    .ARM.Collect$$libshutdown$$0000000F  c_w.l(libshutdown2.o)
    0x080002f2   0x080002f2   0x00000002   Code   RO         9944    .ARM.Collect$$libshutdown$$00000010  c_w.l(libshutdown2.o)
    0x080002f4   0x080002f4   0x00000000   Code   RO         9536    .ARM.Collect$$rtentry$$00000000  c_w.l(__rtentry.o)
    0x080002f4   0x080002f4   0x00000000   Code   RO         9680    .ARM.Collect$$rtentry$$00000002  c_w.l(__rtentry2.o)
    0x080002f4   0x080002f4   0x00000006   Code   RO         9692    .ARM.Collect$$rtentry$$00000004  c_w.l(__rtentry4.o)
    0x080002fa   0x080002fa   0x00000000   Code   RO         9682    .ARM.Collect$$rtentry$$00000009  c_w.l(__rtentry2.o)
    0x080002fa   0x080002fa   0x00000004   Code   RO         9683    .ARM.Collect$$rtentry$$0000000A  c_w.l(__rtentry2.o)
    0x080002fe   0x080002fe   0x00000000   Code   RO         9685    .ARM.Collect$$rtentry$$0000000C  c_w.l(__rtentry2.o)
    0x080002fe   0x080002fe   0x00000008   Code   RO         9686    .ARM.Collect$$rtentry$$0000000D  c_w.l(__rtentry2.o)
    0x08000306   0x08000306   0x00000002   Code   RO         9824    .ARM.Collect$$rtexit$$00000000  c_w.l(rtexit.o)
    0x08000308   0x08000308   0x00000000   Code   RO         9855    .ARM.Collect$$rtexit$$00000002  c_w.l(rtexit2.o)
    0x08000308   0x08000308   0x00000004   Code   RO         9856    .ARM.Collect$$rtexit$$00000003  c_w.l(rtexit2.o)
    0x0800030c   0x0800030c   0x00000006   Code   RO         9857    .ARM.Collect$$rtexit$$00000004  c_w.l(rtexit2.o)
    0x08000312   0x08000312   0x00000002   PAD
    0x08000314   0x08000314   0x000000be   Code   RO         5301    .emb_text           port.o
    0x080003d2   0x080003d2   0x00000002   PAD
    0x080003d4   0x080003d4   0x00000040   Code   RO            4    .text               startup_stm32f40_41xxx.o
    0x08000414   0x08000414   0x00000002   Code   RO         9392    .text               c_w.l(use_no_semi_2.o)
    0x08000416   0x08000416   0x000000ee   Code   RO         9394    .text               c_w.l(lludivv7m.o)
    0x08000504   0x08000504   0x00000034   Code   RO         9396    .text               c_w.l(vsnprintf.o)
    0x08000538   0x08000538   0x00000018   Code   RO         9398    .text               c_w.l(__2printf.o)
    0x08000550   0x08000550   0x00000038   Code   RO         9400    .text               c_w.l(__2snprintf.o)
    0x08000588   0x08000588   0x0000004e   Code   RO         9408    .text               c_w.l(_printf_pad.o)
    0x080005d6   0x080005d6   0x00000052   Code   RO         9410    .text               c_w.l(_printf_str.o)
    0x08000628   0x08000628   0x00000078   Code   RO         9412    .text               c_w.l(_printf_dec.o)
    0x080006a0   0x080006a0   0x00000188   Code   RO         9431    .text               c_w.l(__printf_flags_ss_wp.o)
    0x08000828   0x08000828   0x0000001a   Code   RO         9440    .text               c_w.l(atoi.o)
    0x08000842   0x08000842   0x00000014   Code   RO         9442    .text               c_w.l(strchr.o)
    0x08000856   0x08000856   0x00000024   Code   RO         9444    .text               c_w.l(strstr.o)
    0x0800087a   0x0800087a   0x00000058   Code   RO         9446    .text               c_w.l(memcmp.o)
    0x080008d2   0x080008d2   0x00000048   Code   RO         9448    .text               c_w.l(strcpy.o)
    0x0800091a   0x0800091a   0x0000003e   Code   RO         9450    .text               c_w.l(strlen.o)
    0x08000958   0x08000958   0x00000096   Code   RO         9452    .text               c_w.l(strncmp.o)
    0x080009ee   0x080009ee   0x0000008a   Code   RO         9454    .text               c_w.l(rt_memcpy_v6.o)
    0x08000a78   0x08000a78   0x00000084   Code   RO         9456    .text               c_w.l(rt_memmove_v6.o)
    0x08000afc   0x08000afc   0x00000064   Code   RO         9458    .text               c_w.l(rt_memcpy_w.o)
    0x08000b60   0x08000b60   0x00000010   Code   RO         9460    .text               c_w.l(aeabi_memset.o)
    0x08000b70   0x08000b70   0x00000044   Code   RO         9462    .text               c_w.l(rt_memclr.o)
    0x08000bb4   0x08000bb4   0x0000004e   Code   RO         9464    .text               c_w.l(rt_memclr_w.o)
    0x08000c02   0x08000c02   0x00000056   Code   RO         9466    .text               c_w.l(strncpy.o)
    0x08000c58   0x08000c58   0x00000080   Code   RO         9468    .text               c_w.l(strcmpv7m.o)
    0x08000cd8   0x08000cd8   0x00000006   Code   RO         9470    .text               c_w.l(heapauxi.o)
    0x08000cde   0x08000cde   0x00000002   Code   RO         9534    .text               c_w.l(use_no_semi.o)
    0x08000ce0   0x08000ce0   0x00000008   Code   RO         9544    .text               c_w.l(rt_errno_addr_intlibspace.o)
    0x08000ce8   0x08000ce8   0x00000016   Code   RO         9546    .text               c_w.l(_rserrno.o)
    0x08000cfe   0x08000cfe   0x00000024   Code   RO         9548    .text               c_w.l(_printf_truncate.o)
    0x08000d22   0x08000d22   0x000000b2   Code   RO         9550    .text               c_w.l(_printf_intcommon.o)
    0x08000dd4   0x08000dd4   0x00000028   Code   RO         9552    .text               c_w.l(_printf_charcount.o)
    0x08000dfc   0x08000dfc   0x0000041e   Code   RO         9554    .text               c_w.l(_printf_fp_dec.o)
    0x0800121a   0x0800121a   0x00000002   PAD
    0x0800121c   0x0800121c   0x00000030   Code   RO         9556    .text               c_w.l(_printf_char_common.o)
    0x0800124c   0x0800124c   0x0000000a   Code   RO         9558    .text               c_w.l(_sputc.o)
    0x08001256   0x08001256   0x00000010   Code   RO         9560    .text               c_w.l(_snputc.o)
    0x08001266   0x08001266   0x0000002c   Code   RO         9562    .text               c_w.l(_printf_char.o)
    0x08001292   0x08001292   0x00000002   PAD
    0x08001294   0x08001294   0x00000024   Code   RO         9564    .text               c_w.l(_printf_char_file.o)
    0x080012b8   0x080012b8   0x000000bc   Code   RO         9566    .text               c_w.l(_printf_wctomb.o)
    0x08001374   0x08001374   0x0000007c   Code   RO         9569    .text               c_w.l(_printf_longlong_dec.o)
    0x080013f0   0x080013f0   0x00000070   Code   RO         9575    .text               c_w.l(_printf_oct_int_ll.o)
    0x08001460   0x08001460   0x00000094   Code   RO         9595    .text               c_w.l(_printf_hex_int_ll_ptr.o)
    0x080014f4   0x080014f4   0x000000a4   Code   RO         9616    .text               c_w.l(strtod.o)
    0x08001598   0x08001598   0x00000070   Code   RO         9618    .text               c_w.l(strtol.o)
    0x08001608   0x08001608   0x0000007a   Code   RO         9620    .text               c_w.l(rt_memmove_w.o)
    0x08001682   0x08001682   0x00000002   PAD
    0x08001684   0x08001684   0x00000008   Code   RO         9676    .text               c_w.l(libspace.o)
    0x0800168c   0x0800168c   0x00000010   Code   RO         9694    .text               c_w.l(rt_ctype_table.o)
    0x0800169c   0x0800169c   0x00000008   Code   RO         9701    .text               c_w.l(rt_locale_intlibspace.o)
    0x080016a4   0x080016a4   0x0000008a   Code   RO         9703    .text               c_w.l(lludiv10.o)
    0x0800172e   0x0800172e   0x00000012   Code   RO         9705    .text               c_w.l(isspace.o)
    0x08001740   0x08001740   0x000002fc   Code   RO         9707    .text               c_w.l(_printf_fp_hex.o)
    0x08001a3c   0x08001a3c   0x00000080   Code   RO         9710    .text               c_w.l(_printf_fp_infnan.o)
    0x08001abc   0x08001abc   0x0000002c   Code   RO         9714    .text               c_w.l(_printf_wchar.o)
    0x08001ae8   0x08001ae8   0x00000040   Code   RO         9716    .text               c_w.l(_sgetc.o)
    0x08001b28   0x08001b28   0x0000009e   Code   RO         9718    .text               c_w.l(_strtoul.o)
    0x08001bc6   0x08001bc6   0x00000002   PAD
    0x08001bc8   0x08001bc8   0x000000e4   Code   RO         9720    .text               c_w.l(bigflt0.o)
    0x08001cac   0x08001cac   0x00000040   Code   RO         9745    .text               c_w.l(_wcrtomb.o)
    0x08001cec   0x08001cec   0x0000004a   Code   RO         9758    .text               c_w.l(sys_stackheap_outer.o)
    0x08001d36   0x08001d36   0x0000001c   Code   RO         9760    .text               c_w.l(_chval.o)
    0x08001d52   0x08001d52   0x00000002   PAD
    0x08001d54   0x08001d54   0x000004f8   Code   RO         9762    .text               c_w.l(scanf_fp.o)
    0x0800224c   0x0800224c   0x00000012   Code   RO         9767    .text               c_w.l(exit.o)
    0x0800225e   0x0800225e   0x00000002   PAD
    0x08002260   0x08002260   0x00000320   Code   RO         9861    .text               c_w.l(scanf_hexfp.o)
    0x08002580   0x08002580   0x00000134   Code   RO         9863    .text               c_w.l(scanf_infnan.o)
    0x080026b4   0x080026b4   0x00000026   Code   RO         9885    .text               c_w.l(llshl.o)
    0x080026da   0x080026da   0x0000003e   Code   RO         9723    CL$$btod_d2e        c_w.l(btod.o)
    0x08002718   0x08002718   0x00000046   Code   RO         9725    CL$$btod_d2e_denorm_low  c_w.l(btod.o)
    0x0800275e   0x0800275e   0x00000060   Code   RO         9724    CL$$btod_d2e_norm_op1  c_w.l(btod.o)
    0x080027be   0x080027be   0x00000338   Code   RO         9733    CL$$btod_div_common  c_w.l(btod.o)
    0x08002af6   0x08002af6   0x00000002   PAD
    0x08002af8   0x08002af8   0x00000084   Code   RO         9731    CL$$btod_e2d        c_w.l(btod.o)
    0x08002b7c   0x08002b7c   0x000000dc   Code   RO         9730    CL$$btod_e2e        c_w.l(btod.o)
    0x08002c58   0x08002c58   0x0000002a   Code   RO         9727    CL$$btod_ediv       c_w.l(btod.o)
    0x08002c82   0x08002c82   0x0000002a   Code   RO         9729    CL$$btod_edivd      c_w.l(btod.o)
    0x08002cac   0x08002cac   0x0000002a   Code   RO         9726    CL$$btod_emul       c_w.l(btod.o)
    0x08002cd6   0x08002cd6   0x0000002a   Code   RO         9728    CL$$btod_emuld      c_w.l(btod.o)
    0x08002d00   0x08002d00   0x00000244   Code   RO         9732    CL$$btod_mult_common  c_w.l(btod.o)
    0x08002f44   0x08002f44   0x000000c8   Code   RO         7052    i.AllSensorData_GetConnectionStatus  all_sensor_data.o
    0x0800300c   0x0800300c   0x00000030   Code   RO         7053    i.AllSensorData_GetSnapshot  all_sensor_data.o
    0x0800303c   0x0800303c   0x00000088   Code   RO         7055    i.AllSensorData_Init  all_sensor_data.o
    0x080030c4   0x080030c4   0x000000c8   Code   RO         7057    i.AllSensorData_RefreshModbus  all_sensor_data.o
    0x0800318c   0x0800318c   0x000001d8   Code   RO         7058    i.AllSensorData_UpdateFromWirelessJson  all_sensor_data.o
    0x08003364   0x08003364   0x0000006c   Code   RO         8671    i.App_AckJsonAppend  mqtt_app.o
    0x080033d0   0x080033d0   0x00000020   Code   RO         8672    i.App_ActionDeviceName  mqtt_app.o
    0x080033f0   0x080033f0   0x000000a4   Code   RO         6719    i.App_BuildProjectFactoryThresholds  main.o
    0x08003494   0x08003494   0x0000002c   Code   RO         8673    i.App_ClearDeferredAckQueue  mqtt_app.o
    0x080034c0   0x080034c0   0x00000018   Code   RO         8674    i.App_EspMarkAlive  mqtt_app.o
    0x080034d8   0x080034d8   0x00000028   Code   RO         8675    i.App_EspSilentMs   mqtt_app.o
    0x08003500   0x08003500   0x00000094   Code   RO         8676    i.App_FindReqAckCacheIndex  mqtt_app.o
    0x08003594   0x08003594   0x0000003e   Code   RO         8677    i.App_GetManualSnapshot  mqtt_app.o
    0x080035d2   0x080035d2   0x00000030   Code   RO         8678    i.App_GetMsNow      mqtt_app.o
    0x08003602   0x08003602   0x0000001a   Code   RO         8679    i.App_GetReconnectDelayMs  mqtt_app.o
    0x0800361c   0x0800361c   0x00000018   Code   RO         8680    i.App_GetRelayLinkCached  mqtt_app.o
    0x08003634   0x08003634   0x00000130   Code   RO         8681    i.App_HandleUdpPacket  mqtt_app.o
    0x08003764   0x08003764   0x00000158   Code   RO         8682    i.App_MqttDrainActionEvents  mqtt_app.o
    0x080038bc   0x080038bc   0x00000020   Code   RO         8683    i.App_MqttNextSeq   mqtt_app.o
    0x080038dc   0x080038dc   0x00000924   Code   RO         8684    i.App_MqttOnMessage  mqtt_app.o
    0x08004200   0x08004200   0x00000388   Code   RO         8685    i.App_MqttPublishAck  mqtt_app.o
    0x08004588   0x08004588   0x000001f0   Code   RO         8686    i.App_MqttPublishActionEvent  mqtt_app.o
    0x08004778   0x08004778   0x00000008   Code   RO         8687    i.App_MqttPublishAllThresholds  mqtt_app.o
    0x08004780   0x08004780   0x00000124   Code   RO         8688    i.App_MqttPublishRaw  mqtt_app.o
    0x080048a4   0x080048a4   0x00000100   Code   RO         8689    i.App_MqttPublishStatus  mqtt_app.o
    0x080049a4   0x080049a4   0x00000120   Code   RO         8690    i.App_MqttPublishTelemetry  mqtt_app.o
    0x08004ac4   0x08004ac4   0x000002c0   Code   RO         8691    i.App_MqttPublishThresholdFlat  mqtt_app.o
    0x08004d84   0x08004d84   0x00000330   Code   RO         8692    i.App_MqttPublishThresholdGroup  mqtt_app.o
    0x080050b4   0x080050b4   0x00000038   Code   RO         8693    i.App_ParseManualDevice  mqtt_app.o
    0x080050ec   0x080050ec   0x000000b8   Code   RO         8694    i.App_RememberReqAck  mqtt_app.o
    0x080051a4   0x080051a4   0x000000a4   Code   RO         8695    i.App_ReplayCachedAckIfDuplicate  mqtt_app.o
    0x08005248   0x08005248   0x00000010   Code   RO         8696    i.App_ReqAckKeepTicks  mqtt_app.o
    0x08005258   0x08005258   0x000000d0   Code   RO         8697    i.App_SaveDeferredAck  mqtt_app.o
    0x08005328   0x08005328   0x0000014c   Code   RO         8698    i.App_SetThresholdById  mqtt_app.o
    0x08005474   0x08005474   0x00000026   Code   RO         8699    i.App_ShouldForceReconnectOnPublishError  mqtt_app.o
    0x0800549a   0x0800549a   0x00000002   PAD
    0x0800549c   0x0800549c   0x00000034   Code   RO         8700    i.App_ShouldSkipQueryPublish  mqtt_app.o
    0x080054d0   0x080054d0   0x00000030   Code   RO         8701    i.App_ThresholdGroupFromId  mqtt_app.o
    0x08005500   0x08005500   0x00000038   Code   RO         8702    i.App_ThresholdIdFromKey  mqtt_app.o
    0x08005538   0x08005538   0x0000002c   Code   RO         8703    i.App_ThresholdKeyFromId  mqtt_app.o
    0x08005564   0x08005564   0x00000190   Code   RO         8704    i.App_TryFlushDeferredAck  mqtt_app.o
    0x080056f4   0x080056f4   0x00000004   Code   RO         6849    i.BusFault_Handler  stm32f4xx_it.o
    0x080056f8   0x080056f8   0x0000003a   Code   RO         9012    i.CalculateCRC16    uart1_modbus.o
    0x08005732   0x08005732   0x0000000e   Code   RO         7146    i.ClampFanLevel     logic.o
    0x08005740   0x08005740   0x00000018   Code   RO         7147    i.ClampFanLevelFromGear  logic.o
    0x08005758   0x08005758   0x00000022   Code   RO         7148    i.ClampFanSpeedPercent  logic.o
    0x0800577a   0x0800577a   0x00000010   Code   RO         7149    i.ClampPmRangeValue  logic.o
    0x0800578a   0x0800578a   0x00000002   PAD
    0x0800578c   0x0800578c   0x0000003c   Code   RO         7150    i.ClampToU16FromFloat  logic.o
    0x080057c8   0x080057c8   0x0000000a   Code   RO         7059    i.ConnTimeoutTicks  all_sensor_data.o
    0x080057d2   0x080057d2   0x00000030   Code   RO         6720    i.ControlTask       main.o
    0x08005802   0x08005802   0x00000002   Code   RO         6850    i.DebugMon_Handler  stm32f4xx_it.o
    0x08005804   0x08005804   0x00000028   Code   RO         6950    i.Delay_DWT_Init    delay.o
    0x0800582c   0x0800582c   0x00000040   Code   RO         6951    i.Delay_TaskMs      delay.o
    0x0800586c   0x0800586c   0x00000018   Code   RO         6952    i.Delay_ms          delay.o
    0x08005884   0x08005884   0x00000030   Code   RO         6953    i.Delay_us          delay.o
    0x080058b4   0x080058b4   0x000001e0   Code   RO         8176    i.Diag_PrintStacks  diag_task.o
    0x08005a94   0x08005a94   0x000000bc   Code   RO         8177    i.Diag_Task         diag_task.o
    0x08005b50   0x08005b50   0x00000050   Code   RO         6721    i.DisplayCycleTask  main.o
    0x08005ba0   0x08005ba0   0x00000078   Code   RO         7449    i.DisplayGas        modbus_relay.o
    0x08005c18   0x08005c18   0x000000c4   Code   RO         7450    i.DisplayPM25PM10   modbus_relay.o
    0x08005cdc   0x08005cdc   0x000000d4   Code   RO         7451    i.DisplayRelayStatus  modbus_relay.o
    0x08005db0   0x08005db0   0x000000ec   Code   RO         7452    i.DisplayTemperatureHumidity  modbus_relay.o
    0x08005e9c   0x08005e9c   0x00000054   Code   RO         8203    i.ESP01S_AppendByte  esp01s.o
    0x08005ef0   0x08005ef0   0x00000168   Code   RO         8204    i.ESP01S_CheckWifiConnected  esp01s.o
    0x08006058   0x08006058   0x00000020   Code   RO         8205    i.ESP01S_ClearRx    esp01s.o
    0x08006078   0x08006078   0x0000004c   Code   RO         8206    i.ESP01S_DropPrefix  esp01s.o
    0x080060c4   0x080060c4   0x00000140   Code   RO         8207    i.ESP01S_EnsureCipMux1  esp01s.o
    0x08006204   0x08006204   0x00000018   Code   RO         8208    i.ESP01S_FetchRx    esp01s.o
    0x0800621c   0x0800621c   0x0000000c   Code   RO         8209    i.ESP01S_GetLastErrorCode  esp01s.o
    0x08006228   0x08006228   0x00000104   Code   RO         8210    i.ESP01S_GetLastErrorText  esp01s.o
    0x0800632c   0x0800632c   0x0000000c   Code   RO         8211    i.ESP01S_IsConnected  esp01s.o
    0x08006338   0x08006338   0x0000004c   Code   RO         8212    i.ESP01S_IsWebConnected  esp01s.o
    0x08006384   0x08006384   0x00000034   Code   RO         8213    i.ESP01S_MarkWebAlive  esp01s.o
    0x080063b8   0x080063b8   0x00000168   Code   RO         8214    i.ESP01S_MqttConnect  esp01s.o
    0x08006520   0x08006520   0x0000004a   Code   RO         8215    i.ESP01S_MqttDecodeRemainingLength  esp01s.o
    0x0800656a   0x0800656a   0x00000032   Code   RO         8216    i.ESP01S_MqttEncodeRemainingLength  esp01s.o
    0x0800659c   0x0800659c   0x00000020   Code   RO         8217    i.ESP01S_MqttNextPacketId  esp01s.o
    0x080065bc   0x080065bc   0x0000019a   Code   RO         8218    i.ESP01S_MqttParsePacket  esp01s.o
    0x08006756   0x08006756   0x00000002   PAD
    0x08006758   0x08006758   0x00000058   Code   RO         8219    i.ESP01S_MqttPing   esp01s.o
    0x080067b0   0x080067b0   0x000000d4   Code   RO         8220    i.ESP01S_MqttPoll   esp01s.o
    0x08006884   0x08006884   0x00000108   Code   RO         8221    i.ESP01S_MqttPublish  esp01s.o
    0x0800698c   0x0800698c   0x00000114   Code   RO         8222    i.ESP01S_MqttSubscribe  esp01s.o
    0x08006aa0   0x08006aa0   0x0000006c   Code   RO         8223    i.ESP01S_MqttTxLock  esp01s.o
    0x08006b0c   0x08006b0c   0x00000024   Code   RO         8224    i.ESP01S_MqttTxUnlock  esp01s.o
    0x08006b30   0x08006b30   0x00000078   Code   RO         8225    i.ESP01S_MqttWaitEvent  esp01s.o
    0x08006ba8   0x08006ba8   0x000000e4   Code   RO         8226    i.ESP01S_OpenTcp    esp01s.o
    0x08006c8c   0x08006c8c   0x000000bc   Code   RO         8227    i.ESP01S_OpenUdpListener  esp01s.o
    0x08006d48   0x08006d48   0x00000046   Code   RO         8228    i.ESP01S_ParseU32   esp01s.o
    0x08006d8e   0x08006d8e   0x00000002   PAD
    0x08006d90   0x08006d90   0x0000000c   Code   RO         8229    i.ESP01S_PendingIpdClear  esp01s.o
    0x08006d9c   0x08006d9c   0x00000038   Code   RO         8230    i.ESP01S_PendingIpdPopAny  esp01s.o
    0x08006dd4   0x08006dd4   0x00000058   Code   RO         8231    i.ESP01S_PendingIpdPopByLink  esp01s.o
    0x08006e2c   0x08006e2c   0x00000100   Code   RO         8232    i.ESP01S_PendingIpdPopIndex  esp01s.o
    0x08006f2c   0x08006f2c   0x00000084   Code   RO         8233    i.ESP01S_PendingIpdPush  esp01s.o
    0x08006fb0   0x08006fb0   0x00000094   Code   RO         8235    i.ESP01S_ProbeAtWithBaudFallback  esp01s.o
    0x08007044   0x08007044   0x000001d4   Code   RO         8237    i.ESP01S_RuntimeInit  esp01s.o
    0x08007218   0x08007218   0x0000003c   Code   RO         8238    i.ESP01S_RxFindByteAfter  esp01s.o
    0x08007254   0x08007254   0x00000058   Code   RO         8239    i.ESP01S_RxFindBytesAfter  esp01s.o
    0x080072ac   0x080072ac   0x00000030   Code   RO         8240    i.ESP01S_RxFindStrAfter  esp01s.o
    0x080072dc   0x080072dc   0x00000020   Code   RO         8241    i.ESP01S_RxFrom     esp01s.o
    0x080072fc   0x080072fc   0x00000014   Code   RO         8242    i.ESP01S_RxHasStrAfter  esp01s.o
    0x08007310   0x08007310   0x0000004c   Code   RO         8243    i.ESP01S_RxStartsWithStrAfter  esp01s.o
    0x0800735c   0x0800735c   0x0000001c   Code   RO         8244    i.ESP01S_SendATLine  esp01s.o
    0x08007378   0x08007378   0x0000003c   Code   RO         8245    i.ESP01S_SendLineWait  esp01s.o
    0x080073b4   0x080073b4   0x00000018   Code   RO         8246    i.ESP01S_SendLineWaitOK  esp01s.o
    0x080073cc   0x080073cc   0x0000010c   Code   RO         8247    i.ESP01S_SendLinkData  esp01s.o
    0x080074d8   0x080074d8   0x00000178   Code   RO         8248    i.ESP01S_SendUdpTo  esp01s.o
    0x08007650   0x08007650   0x00000014   Code   RO         8249    i.ESP01S_SetConnected  esp01s.o
    0x08007664   0x08007664   0x0000000c   Code   RO         8250    i.ESP01S_SetLastError  esp01s.o
    0x08007670   0x08007670   0x00000040   Code   RO         8251    i.ESP01S_SleepMs    esp01s.o
    0x080076b0   0x080076b0   0x00000038   Code   RO         8252    i.ESP01S_TryAtHandshake  esp01s.o
    0x080076e8   0x080076e8   0x00000024   Code   RO         8253    i.ESP01S_TryEscapeTransparent  esp01s.o
    0x0800770c   0x0800770c   0x00000052   Code   RO         8254    i.ESP01S_TryReadIpd  esp01s.o
    0x0800775e   0x0800775e   0x00000002   PAD
    0x08007760   0x08007760   0x00000250   Code   RO         8255    i.ESP01S_TryReadIpdFromRx  esp01s.o
    0x080079b0   0x080079b0   0x00000010   Code   RO         8256    i.ESP01S_UART_Init  esp01s.o
    0x080079c0   0x080079c0   0x0000001c   Code   RO         8257    i.ESP01S_WaitForAny  esp01s.o
    0x080079dc   0x080079dc   0x00000150   Code   RO         8258    i.ESP01S_WaitForAnyAfter  esp01s.o
    0x08007b2c   0x08007b2c   0x00000100   Code   RO         8259    i.ESP01S_WaitForTarget  esp01s.o
    0x08007c2c   0x08007c2c   0x0000000c   Code   RO         1578    i.FLASH_ClearFlag   stm32f4xx_flash.o
    0x08007c38   0x08007c38   0x00000088   Code   RO         1584    i.FLASH_EraseSector  stm32f4xx_flash.o
    0x08007cc0   0x08007cc0   0x00000054   Code   RO         1586    i.FLASH_GetStatus   stm32f4xx_flash.o
    0x08007d14   0x08007d14   0x00000014   Code   RO         1590    i.FLASH_Lock        stm32f4xx_flash.o
    0x08007d28   0x08007d28   0x00000050   Code   RO         1614    i.FLASH_ProgramWord  stm32f4xx_flash.o
    0x08007d78   0x08007d78   0x00000024   Code   RO         1616    i.FLASH_Unlock      stm32f4xx_flash.o
    0x08007d9c   0x08007d9c   0x00000022   Code   RO         1617    i.FLASH_WaitForLastOperation  stm32f4xx_flash.o
    0x08007dbe   0x08007dbe   0x00000048   Code   RO         7151    i.FanManualOverride_Resolve  logic.o
    0x08007e06   0x08007e06   0x0000000c   Code   RO         7152    i.FanManualOverride_RestoreAuto  logic.o
    0x08007e12   0x08007e12   0x0000002a   Code   RO         7153    i.FanManualOverride_Set  logic.o
    0x08007e3c   0x08007e3c   0x00000016   Code   RO         8705    i.Fan_SetPWM        mqtt_app.o
    0x08007e52   0x08007e52   0x00000090   Code   RO         2032    i.GPIO_Init         stm32f4xx_gpio.o
    0x08007ee2   0x08007ee2   0x00000046   Code   RO         2033    i.GPIO_PinAFConfig  stm32f4xx_gpio.o
    0x08007f28   0x08007f28   0x00000006   Code   RO         2039    i.GPIO_ResetBits    stm32f4xx_gpio.o
    0x08007f2e   0x08007f2e   0x00000008   Code   RO         2042    i.GPIO_ToggleBits   stm32f4xx_gpio.o
    0x08007f36   0x08007f36   0x0000000c   Code   RO         2044    i.GPIO_WriteBit     stm32f4xx_gpio.o
    0x08007f42   0x08007f42   0x00000004   Code   RO         6851    i.HardFault_Handler  stm32f4xx_it.o
    0x08007f46   0x08007f46   0x00000018   Code   RO         7060    i.IsConnectedByTick  all_sensor_data.o
    0x08007f5e   0x08007f5e   0x00000002   PAD
    0x08007f60   0x08007f60   0x00000078   Code   RO         8538    i.JsonParse_FindValue  json_parse.o
    0x08007fd8   0x08007fd8   0x00000088   Code   RO         8539    i.JsonParse_GetBool  json_parse.o
    0x08008060   0x08008060   0x0000009c   Code   RO         8540    i.JsonParse_GetFloat  json_parse.o
    0x080080fc   0x080080fc   0x00000088   Code   RO         8541    i.JsonParse_GetInt  json_parse.o
    0x08008184   0x08008184   0x0000006a   Code   RO         8542    i.JsonParse_GetString  json_parse.o
    0x080081ee   0x080081ee   0x00000002   PAD
    0x080081f0   0x080081f0   0x00000040   Code   RO         6722    i.LED_GPIO_Init     main.o
    0x08008230   0x08008230   0x0000002c   Code   RO         7061    i.LockData          all_sensor_data.o
    0x0800825c   0x0800825c   0x00000004   Code   RO         7062    i.LockWaitTicks     all_sensor_data.o
    0x08008260   0x08008260   0x00000194   Code   RO         7154    i.Logic_ControlAlarm  logic.o
    0x080083f4   0x080083f4   0x000001b0   Code   RO         7155    i.Logic_ControlFanLevel  logic.o
    0x080085a4   0x080085a4   0x00000090   Code   RO         7156    i.Logic_ControlHumidity  logic.o
    0x08008634   0x08008634   0x000000b4   Code   RO         7157    i.Logic_ControlLighting  logic.o
    0x080086e8   0x080086e8   0x000000f0   Code   RO         7158    i.Logic_ControlTemperature  logic.o
    0x080087d8   0x080087d8   0x0000004c   Code   RO         7159    i.Logic_GetChange1Thresholds  logic.o
    0x08008824   0x08008824   0x00000074   Code   RO         7160    i.Logic_GetChange2Thresholds  logic.o
    0x08008898   0x08008898   0x00000084   Code   RO         7161    i.Logic_GetChange3Thresholds  logic.o
    0x0800891c   0x0800891c   0x00000080   Code   RO         7162    i.Logic_GetChange4Thresholds  logic.o
    0x0800899c   0x0800899c   0x00000048   Code   RO         7163    i.Logic_GetChange5Thresholds  logic.o
    0x080089e4   0x080089e4   0x00000048   Code   RO         7164    i.Logic_GetChange6Thresholds  logic.o
    0x08008a2c   0x08008a2c   0x00000098   Code   RO         7165    i.Logic_GetChange7Thresholds  logic.o
    0x08008ac4   0x08008ac4   0x0000003c   Code   RO         7166    i.Logic_GetDeviceManualStatus  logic.o
    0x08008b00   0x08008b00   0x00000064   Code   RO         7168    i.Logic_GetFanModeAndGear  logic.o
    0x08008b64   0x08008b64   0x00000060   Code   RO         7169    i.Logic_GetManualStatusInternal  logic.o
    0x08008bc4   0x08008bc4   0x00000024   Code   RO         7170    i.Logic_GetRuntimeThresholds  logic.o
    0x08008be8   0x08008be8   0x000000b4   Code   RO         7171    i.Logic_Init        logic.o
    0x08008c9c   0x08008c9c   0x00000008   Code   RO         7172    i.Logic_NowTick     logic.o
    0x08008ca4   0x08008ca4   0x000000ac   Code   RO         7173    i.Logic_ResetAllToDefaultsManual  logic.o
    0x08008d50   0x08008d50   0x00000040   Code   RO         7174    i.Logic_RestoreDeviceAuto  logic.o
    0x08008d90   0x08008d90   0x00000140   Code   RO         7175    i.Logic_Run         logic.o
    0x08008ed0   0x08008ed0   0x00000074   Code   RO         7176    i.Logic_SetChange1ThresholdById  logic.o
    0x08008f44   0x08008f44   0x00000090   Code   RO         7177    i.Logic_SetChange2ThresholdById  logic.o
    0x08008fd4   0x08008fd4   0x0000009c   Code   RO         7178    i.Logic_SetChange3ThresholdById  logic.o
    0x08009070   0x08009070   0x00000068   Code   RO         7179    i.Logic_SetChange4ThresholdById  logic.o
    0x080090d8   0x080090d8   0x00000058   Code   RO         7180    i.Logic_SetChange5ThresholdById  logic.o
    0x08009130   0x08009130   0x00000058   Code   RO         7181    i.Logic_SetChange6ThresholdById  logic.o
    0x08009188   0x08009188   0x000000a4   Code   RO         7182    i.Logic_SetChange7ThresholdById  logic.o
    0x0800922c   0x0800922c   0x00000108   Code   RO         7183    i.Logic_SetDefaultThresholds  logic.o
    0x08009334   0x08009334   0x0000004c   Code   RO         7184    i.Logic_SetDeviceManual  logic.o
    0x08009380   0x08009380   0x00000024   Code   RO         7185    i.Logic_SetRuntimeThresholds  logic.o
    0x080093a4   0x080093a4   0x00000040   Code   RO         7186    i.ManualOverride_Resolve  logic.o
    0x080093e4   0x080093e4   0x0000000c   Code   RO         7187    i.ManualOverride_RestoreAuto  logic.o
    0x080093f0   0x080093f0   0x0000002a   Code   RO         7188    i.ManualOverride_Set  logic.o
    0x0800941a   0x0800941a   0x00000004   Code   RO         6852    i.MemManage_Handler  stm32f4xx_it.o
    0x0800941e   0x0800941e   0x00000002   PAD
    0x08009420   0x08009420   0x00000024   Code   RO         7454    i.Modbus_Relay_Init  modbus_relay.o
    0x08009444   0x08009444   0x0000000e   Code   RO         8583    i.Motor_ClampDuty   motor_fan.o
    0x08009452   0x08009452   0x00000002   PAD
    0x08009454   0x08009454   0x0000000c   Code   RO         8584    i.Motor_GetDutyPercent  motor_fan.o
    0x08009460   0x08009460   0x00000008   Code   RO         8586    i.Motor_GetLevelTable  motor_fan.o
    0x08009468   0x08009468   0x00000012   Code   RO         8587    i.Motor_Init        motor_fan.o
    0x0800947a   0x0800947a   0x00000002   PAD
    0x0800947c   0x0800947c   0x00000040   Code   RO         8588    i.Motor_PWM_GPIO_Init  motor_fan.o
    0x080094bc   0x080094bc   0x00000070   Code   RO         8589    i.Motor_PWM_TIM_Init  motor_fan.o
    0x0800952c   0x0800952c   0x00000040   Code   RO         8590    i.Motor_SetDutyPercent  motor_fan.o
    0x0800956c   0x0800956c   0x0000002c   Code   RO         8591    i.Motor_SetLevel    motor_fan.o
    0x08009598   0x08009598   0x00000040   Code   RO         8592    i.Motor_SetLevelTable  motor_fan.o
    0x080095d8   0x080095d8   0x00000048   Code   RO         8593    i.Motor_SetLevelValue  motor_fan.o
    0x08009620   0x08009620   0x00000048   Code   RO         8594    i.Motor_UpdatePowerRelay  motor_fan.o
    0x08009668   0x08009668   0x0000001c   Code   RO         8706    i.MqttApp_IsBrokerConnected  mqtt_app.o
    0x08009684   0x08009684   0x0000007c   Code   RO         8707    i.MqttApp_PollRelayLink  mqtt_app.o
    0x08009700   0x08009700   0x0000070c   Code   RO         8708    i.MqttApp_Task      mqtt_app.o
    0x08009e0c   0x08009e0c   0x00000002   Code   RO         6853    i.NMI_Handler       stm32f4xx_it.o
    0x08009e0e   0x08009e0e   0x00000002   PAD
    0x08009e10   0x08009e10   0x00000018   Code   RO         9013    i.NVIC_DisableIRQ   uart1_modbus.o
    0x08009e28   0x08009e28   0x00000016   Code   RO         9014    i.NVIC_EnableIRQ    uart1_modbus.o
    0x08009e3e   0x08009e3e   0x00000008   Code   RO         7063    i.NowTick           all_sensor_data.o
    0x08009e46   0x08009e46   0x00000002   PAD
    0x08009e48   0x08009e48   0x00000028   Code   RO         7567    i.OLED_Clear        oled.o
    0x08009e70   0x08009e70   0x00000090   Code   RO         7568    i.OLED_ClearArea    oled.o
    0x08009f00   0x08009f00   0x00000044   Code   RO         7576    i.OLED_GPIO_Init    oled.o
    0x08009f44   0x08009f44   0x00000054   Code   RO         7578    i.OLED_I2C_SendByte  oled.o
    0x08009f98   0x08009f98   0x00000028   Code   RO         7579    i.OLED_I2C_Start    oled.o
    0x08009fc0   0x08009fc0   0x00000022   Code   RO         7580    i.OLED_I2C_Stop     oled.o
    0x08009fe2   0x08009fe2   0x0000009a   Code   RO         7581    i.OLED_Init         oled.o
    0x0800a07c   0x0800a07c   0x00000014   Code   RO         7584    i.OLED_Pow          oled.o
    0x0800a090   0x0800a090   0x00000036   Code   RO         7585    i.OLED_Printf       oled.o
    0x0800a0c6   0x0800a0c6   0x00000022   Code   RO         7588    i.OLED_SetCursor    oled.o
    0x0800a0e8   0x0800a0e8   0x00000054   Code   RO         7590    i.OLED_ShowChar     oled.o
    0x0800a13c   0x0800a13c   0x00000100   Code   RO         7591    i.OLED_ShowFloatNum  oled.o
    0x0800a23c   0x0800a23c   0x000000fc   Code   RO         7593    i.OLED_ShowImage    oled.o
    0x0800a338   0x0800a338   0x0000004c   Code   RO         7594    i.OLED_ShowNum      oled.o
    0x0800a384   0x0800a384   0x00000110   Code   RO         7596    i.OLED_ShowString   oled.o
    0x0800a494   0x0800a494   0x00000028   Code   RO         7597    i.OLED_Update       oled.o
    0x0800a4bc   0x0800a4bc   0x0000001c   Code   RO         7599    i.OLED_W_SCL        oled.o
    0x0800a4d8   0x0800a4d8   0x0000001c   Code   RO         7600    i.OLED_W_SDA        oled.o
    0x0800a4f4   0x0800a4f4   0x00000020   Code   RO         7601    i.OLED_WriteCommand  oled.o
    0x0800a514   0x0800a514   0x0000002e   Code   RO         7602    i.OLED_WriteData    oled.o
    0x0800a542   0x0800a542   0x00000002   PAD
    0x0800a544   0x0800a544   0x00000020   Code   RO         2973    i.RCC_AHB1PeriphClockCmd  stm32f4xx_rcc.o
    0x0800a564   0x0800a564   0x00000020   Code   RO         2982    i.RCC_APB1PeriphClockCmd  stm32f4xx_rcc.o
    0x0800a584   0x0800a584   0x00000020   Code   RO         2985    i.RCC_APB2PeriphClockCmd  stm32f4xx_rcc.o
    0x0800a5a4   0x0800a5a4   0x000000e8   Code   RO         2994    i.RCC_GetClocksFreq  stm32f4xx_rcc.o
    0x0800a68c   0x0800a68c   0x00000020   Code   RO         7455    i.ReadGas           modbus_relay.o
    0x0800a6ac   0x0800a6ac   0x00000028   Code   RO         7456    i.ReadPM25PM10      modbus_relay.o
    0x0800a6d4   0x0800a6d4   0x0000003c   Code   RO         7457    i.ReadRelayStatus   modbus_relay.o
    0x0800a710   0x0800a710   0x00000030   Code   RO         7458    i.ReadTemperatureHumidity  modbus_relay.o
    0x0800a740   0x0800a740   0x00000028   Code   RO         7189    i.RelayNumToScreenDevice  logic.o
    0x0800a768   0x0800a768   0x00000024   Code   RO         8709    i.Relay_Set         mqtt_app.o
    0x0800a78c   0x0800a78c   0x00000054   Code   RO         8904    i.RuntimeConfig_ApplyFactoryDefaults  runtime_config.o
    0x0800a7e0   0x0800a7e0   0x00000050   Code   RO         8905    i.RuntimeConfig_BuildBlob  runtime_config.o
    0x0800a830   0x0800a830   0x00000040   Code   RO         8906    i.RuntimeConfig_Crc32  runtime_config.o
    0x0800a870   0x0800a870   0x00000044   Code   RO         8907    i.RuntimeConfig_EndSave  runtime_config.o
    0x0800a8b4   0x0800a8b4   0x0000008c   Code   RO         8908    i.RuntimeConfig_FlashWriteBlob  runtime_config.o
    0x0800a940   0x0800a940   0x00000050   Code   RO         8909    i.RuntimeConfig_IsBlobValid  runtime_config.o
    0x0800a990   0x0800a990   0x00000022   Code   RO         8910    i.RuntimeConfig_IsFanTableValid  runtime_config.o
    0x0800a9b2   0x0800a9b2   0x00000002   PAD
    0x0800a9b4   0x0800a9b4   0x00000030   Code   RO         8911    i.RuntimeConfig_LoadAndApply  runtime_config.o
    0x0800a9e4   0x0800a9e4   0x00000008   Code   RO         8912    i.RuntimeConfig_NextRequestVersion  runtime_config.o
    0x0800a9ec   0x0800a9ec   0x00000050   Code   RO         8913    i.RuntimeConfig_Process  runtime_config.o
    0x0800aa3c   0x0800aa3c   0x00000040   Code   RO         8914    i.RuntimeConfig_RequestSave  runtime_config.o
    0x0800aa7c   0x0800aa7c   0x00000010   Code   RO         8915    i.RuntimeConfig_ResetToFactoryAndRequestSave  runtime_config.o
    0x0800aa8c   0x0800aa8c   0x00000074   Code   RO         8917    i.RuntimeConfig_SaveCurrent  runtime_config.o
    0x0800ab00   0x0800ab00   0x00000068   Code   RO         8918    i.RuntimeConfig_SetFactoryDefaults  runtime_config.o
    0x0800ab68   0x0800ab68   0x00000040   Code   RO         8919    i.RuntimeConfig_TryBeginSave  runtime_config.o
    0x0800aba8   0x0800aba8   0x00000028   Code   RO         8710    i.SafeMsToTicks     mqtt_app.o
    0x0800abd0   0x0800abd0   0x00000060   Code   RO         7833    i.Screen_ActionDeviceText  screen.o
    0x0800ac30   0x0800ac30   0x00000034   Code   RO         7834    i.Screen_ActionFanText  screen.o
    0x0800ac64   0x0800ac64   0x000000c4   Code   RO         7835    i.Screen_ActionQueuePush  screen.o
    0x0800ad28   0x0800ad28   0x00000038   Code   RO         7836    i.Screen_ActionRelayText  screen.o
    0x0800ad60   0x0800ad60   0x0000002c   Code   RO         7837    i.Screen_DaysInMonth  screen.o
    0x0800ad8c   0x0800ad8c   0x0000001e   Code   RO         7838    i.Screen_DecodeU32LE  screen.o
    0x0800adaa   0x0800adaa   0x00000002   PAD
    0x0800adac   0x0800adac   0x000000ec   Code   RO         7839    i.Screen_FanModeGearText  screen.o
    0x0800ae98   0x0800ae98   0x00000040   Code   RO         7840    i.Screen_FloatToTenthVal  screen.o
    0x0800aed8   0x0800aed8   0x000000ec   Code   RO         7841    i.Screen_FormatLocalClockLocked  screen.o
    0x0800afc4   0x0800afc4   0x00000064   Code   RO         7842    i.Screen_GetDateTimeForUi  screen.o
    0x0800b028   0x0800b028   0x00000054   Code   RO         7843    i.Screen_GetRelayConnectedCached  screen.o
    0x0800b07c   0x0800b07c   0x00000114   Code   RO         7844    i.Screen_Init       screen.o
    0x0800b190   0x0800b190   0x00000048   Code   RO         7845    i.Screen_IsKnownPage  screen.o
    0x0800b1d8   0x0800b1d8   0x00000032   Code   RO         7846    i.Screen_IsLeapYear  screen.o
    0x0800b20a   0x0800b20a   0x00000026   Code   RO         7847    i.Screen_IsManualDeviceId  screen.o
    0x0800b230   0x0800b230   0x00000040   Code   RO         7848    i.Screen_IsResetDefaultsFrame  screen.o
    0x0800b270   0x0800b270   0x00000022   Code   RO         7849    i.Screen_IsValidManualPayload  screen.o
    0x0800b292   0x0800b292   0x00000002   PAD
    0x0800b294   0x0800b294   0x000000a4   Code   RO         7850    i.Screen_LocalClockAddOneSecondLocked  screen.o
    0x0800b338   0x0800b338   0x00000090   Code   RO         7851    i.Screen_LocalClockAddSeconds  screen.o
    0x0800b3c8   0x0800b3c8   0x0000009c   Code   RO         7852    i.Screen_ManualStatusText  screen.o
    0x0800b464   0x0800b464   0x00000022   Code   RO         7853    i.Screen_PageNeedsPeriodicRefresh  screen.o
    0x0800b486   0x0800b486   0x0000003c   Code   RO         7854    i.Screen_Parse2Digits  screen.o
    0x0800b4c2   0x0800b4c2   0x00000078   Code   RO         7855    i.Screen_Parse4Digits  screen.o
    0x0800b53a   0x0800b53a   0x000000d4   Code   RO         7856    i.Screen_ParseLocalDateTime  screen.o
    0x0800b60e   0x0800b60e   0x00000002   PAD
    0x0800b610   0x0800b610   0x00000068   Code   RO         7857    i.Screen_PopActionEvent  screen.o
    0x0800b678   0x0800b678   0x00000148   Code   RO         7858    i.Screen_ProcessByte  screen.o
    0x0800b7c0   0x0800b7c0   0x000000c0   Code   RO         7859    i.Screen_ProcessChangeThresholdFrame  screen.o
    0x0800b880   0x0800b880   0x00000054   Code   RO         7860    i.Screen_ProcessManualAutoRestoreFrame  screen.o
    0x0800b8d4   0x0800b8d4   0x0000004c   Code   RO         7861    i.Screen_ProcessManualSaveFrame  screen.o
    0x0800b920   0x0800b920   0x00000058   Code   RO         7862    i.Screen_ProcessPageCommand  screen.o
    0x0800b978   0x0800b978   0x00000044   Code   RO         7863    i.Screen_ProcessResetDefaultsFrame  screen.o
    0x0800b9bc   0x0800b9bc   0x00000220   Code   RO         7864    i.Screen_RecordDeviceAction  screen.o
    0x0800bbdc   0x0800bbdc   0x00000084   Code   RO         7865    i.Screen_RelayStatusText  screen.o
    0x0800bc60   0x0800bc60   0x00000018   Code   RO         7866    i.Screen_RequestImmediateRefresh  screen.o
    0x0800bc78   0x0800bc78   0x000000d0   Code   RO         7867    i.Screen_SendActivePageContent  screen.o
    0x0800bd48   0x0800bd48   0x00000088   Code   RO         7868    i.Screen_SendChange1Thresholds  screen.o
    0x0800bdd0   0x0800bdd0   0x00000098   Code   RO         7869    i.Screen_SendChange2Thresholds  screen.o
    0x0800be68   0x0800be68   0x00000094   Code   RO         7870    i.Screen_SendChange3Thresholds  screen.o
    0x0800befc   0x0800befc   0x00000088   Code   RO         7871    i.Screen_SendChange4Thresholds  screen.o
    0x0800bf84   0x0800bf84   0x00000114   Code   RO         7872    i.Screen_SendChange5Thresholds  screen.o
    0x0800c098   0x0800c098   0x00000114   Code   RO         7873    i.Screen_SendChange6Thresholds  screen.o
    0x0800c1ac   0x0800c1ac   0x0000004c   Code   RO         7874    i.Screen_SendCommand  screen.o
    0x0800c1f8   0x0800c1f8   0x00000024   Code   RO         7875    i.Screen_SendCommandRaw  screen.o
    0x0800c21c   0x0800c21c   0x0000003c   Code   RO         7876    i.Screen_SendHand1Status  screen.o
    0x0800c258   0x0800c258   0x0000003c   Code   RO         7877    i.Screen_SendHand2Status  screen.o
    0x0800c294   0x0800c294   0x0000003c   Code   RO         7878    i.Screen_SendHand3Status  screen.o
    0x0800c2d0   0x0800c2d0   0x00000030   Code   RO         7879    i.Screen_SendHand4Status  screen.o
    0x0800c300   0x0800c300   0x00000114   Code   RO         7880    i.Screen_SendIndexStatus  screen.o
    0x0800c414   0x0800c414   0x000000f4   Code   RO         7881    i.Screen_SendRelayStatus  screen.o
    0x0800c508   0x0800c508   0x000001c8   Code   RO         7882    i.Screen_SendSensorStatus  screen.o
    0x0800c6d0   0x0800c6d0   0x000000a4   Code   RO         7883    i.Screen_SendSettingStatus  screen.o
    0x0800c774   0x0800c774   0x00000060   Code   RO         7884    i.Screen_SendText   screen.o
    0x0800c7d4   0x0800c7d4   0x00000048   Code   RO         7885    i.Screen_SendTextNoLock  screen.o
    0x0800c81c   0x0800c81c   0x00000020   Code   RO         7886    i.Screen_SendUintText  screen.o
    0x0800c83c   0x0800c83c   0x0000003c   Code   RO         7887    i.Screen_SendVal    screen.o
    0x0800c878   0x0800c878   0x000001c0   Code   RO         7888    i.Screen_SetTimeFromMqtt  screen.o
    0x0800ca38   0x0800ca38   0x000000a8   Code   RO         7889    i.Screen_Task       screen.o
    0x0800cae0   0x0800cae0   0x00000064   Code   RO         7890    i.Screen_TextCacheFind  screen.o
    0x0800cb44   0x0800cb44   0x00000060   Code   RO         7891    i.Screen_TextCacheNeedSend  screen.o
    0x0800cba4   0x0800cba4   0x00000014   Code   RO         7892    i.Screen_TextCacheReset  screen.o
    0x0800cbb8   0x0800cbb8   0x00000068   Code   RO         7893    i.Screen_TimeUpdateFromTick  screen.o
    0x0800cc20   0x0800cc20   0x00000040   Code   RO         7190    i.SecondsToMsClamped  logic.o
    0x0800cc60   0x0800cc60   0x0000006c   Code   RO         7191    i.SecondsToTicksClamped  logic.o
    0x0800cccc   0x0800cccc   0x00000060   Code   RO         7192    i.SelectLevelByRanges  logic.o
    0x0800cd2c   0x0800cd2c   0x000001e4   Code   RO         7459    i.SendModbusCommand  modbus_relay.o
    0x0800cf10   0x0800cf10   0x00000038   Code   RO         9015    i.Serial_ClearRxBuffer  uart1_modbus.o
    0x0800cf48   0x0800cf48   0x00000008   Code   RO         9016    i.Serial_GetRxBuffer  uart1_modbus.o
    0x0800cf50   0x0800cf50   0x00000050   Code   RO         9017    i.Serial_GetRxFlag  uart1_modbus.o
    0x0800cfa0   0x0800cfa0   0x0000000c   Code   RO         9018    i.Serial_GetRxLength  uart1_modbus.o
    0x0800cfac   0x0800cfac   0x0000007c   Code   RO         9019    i.Serial_HandleRxErrors  uart1_modbus.o
    0x0800d028   0x0800d028   0x000000dc   Code   RO         9020    i.Serial_Init       uart1_modbus.o
    0x0800d104   0x0800d104   0x0000001a   Code   RO         9021    i.Serial_SendArray  uart1_modbus.o
    0x0800d11e   0x0800d11e   0x00000002   PAD
    0x0800d120   0x0800d120   0x00000020   Code   RO         9022    i.Serial_SendByte   uart1_modbus.o
    0x0800d140   0x0800d140   0x0000001e   Code   RO         9023    i.Serial_SendPacket  uart1_modbus.o
    0x0800d15e   0x0800d15e   0x00000036   Code   RO         9024    i.Serial_ValidateCRC  uart1_modbus.o
    0x0800d194   0x0800d194   0x00000088   Code   RO         7193    i.SetRelayIfChanged  logic.o
    0x0800d21c   0x0800d21c   0x000000ec   Code   RO         6909    i.SetSysClock       system_stm32f4xx.o
    0x0800d308   0x0800d308   0x00000034   Code   RO         5302    i.SysTick_Handler   port.o
    0x0800d33c   0x0800d33c   0x00000068   Code   RO         6911    i.SystemInit        system_stm32f4xx.o
    0x0800d3a4   0x0800d3a4   0x00000018   Code   RO         4372    i.TIM_ARRPreloadConfig  stm32f4xx_tim.o
    0x0800d3bc   0x0800d3bc   0x00000018   Code   RO         4384    i.TIM_Cmd           stm32f4xx_tim.o
    0x0800d3d4   0x0800d3d4   0x0000007c   Code   RO         4413    i.TIM_OC1Init       stm32f4xx_tim.o
    0x0800d450   0x0800d450   0x00000012   Code   RO         4416    i.TIM_OC1PreloadConfig  stm32f4xx_tim.o
    0x0800d462   0x0800d462   0x00000014   Code   RO         4431    i.TIM_OCStructInit  stm32f4xx_tim.o
    0x0800d476   0x0800d476   0x00000004   Code   RO         4446    i.TIM_SetCompare1   stm32f4xx_tim.o
    0x0800d47a   0x0800d47a   0x00000002   PAD
    0x0800d47c   0x0800d47c   0x00000084   Code   RO         4456    i.TIM_TimeBaseInit  stm32f4xx_tim.o
    0x0800d500   0x0800d500   0x00000012   Code   RO         4457    i.TIM_TimeBaseStructInit  stm32f4xx_tim.o
    0x0800d512   0x0800d512   0x00000002   PAD
    0x0800d514   0x0800d514   0x00000018   Code   RO         6723    i.Task_PC13         main.o
    0x0800d52c   0x0800d52c   0x00000018   Code   RO         9118    i.UART2_ClearRxBuffer  uart2_esp01s.o
    0x0800d544   0x0800d544   0x00000058   Code   RO         9119    i.UART2_HandleRxErrors  uart2_esp01s.o
    0x0800d59c   0x0800d59c   0x000000f4   Code   RO         9120    i.UART2_Init        uart2_esp01s.o
    0x0800d690   0x0800d690   0x0000000e   Code   RO         9121    i.UART2_NextIndex   uart2_esp01s.o
    0x0800d69e   0x0800d69e   0x00000002   PAD
    0x0800d6a0   0x0800d6a0   0x0000003c   Code   RO         9122    i.UART2_ReadByte    uart2_esp01s.o
    0x0800d6dc   0x0800d6dc   0x00000020   Code   RO         9123    i.UART2_SendBuffer  uart2_esp01s.o
    0x0800d6fc   0x0800d6fc   0x00000020   Code   RO         9124    i.UART2_SendByte    uart2_esp01s.o
    0x0800d71c   0x0800d71c   0x0000001c   Code   RO         9125    i.UART2_SendString  uart2_esp01s.o
    0x0800d738   0x0800d738   0x00000058   Code   RO         9200    i.UART4_HandleRxErrors  uart4_screen.o
    0x0800d790   0x0800d790   0x00000068   Code   RO         9201    i.UART4_IRQHandler  uart4_screen.o
    0x0800d7f8   0x0800d7f8   0x0000000c   Code   RO         9202    i.UART4_NextIndex   uart4_screen.o
    0x0800d804   0x0800d804   0x00000018   Code   RO         9203    i.UART_Screen_ClearRxBuffer  uart4_screen.o
    0x0800d81c   0x0800d81c   0x000000f4   Code   RO         9204    i.UART_Screen_Init  uart4_screen.o
    0x0800d910   0x0800d910   0x0000003c   Code   RO         9205    i.UART_Screen_ReadByte  uart4_screen.o
    0x0800d94c   0x0800d94c   0x00000020   Code   RO         9207    i.UART_Screen_SendByte  uart4_screen.o
    0x0800d96c   0x0800d96c   0x0000001c   Code   RO         9208    i.UART_Screen_SendString  uart4_screen.o
    0x0800d988   0x0800d988   0x000000f0   Code   RO         9025    i.USART1_IRQHandler  uart1_modbus.o
    0x0800da78   0x0800da78   0x00000068   Code   RO         9126    i.USART2_IRQHandler  uart2_esp01s.o
    0x0800dae0   0x0800dae0   0x00000068   Code   RO         9280    i.USART3_IRQHandler  usart3_debug.o
    0x0800db48   0x0800db48   0x0000001e   Code   RO         4938    i.USART_ClearITPendingBit  stm32f4xx_usart.o
    0x0800db66   0x0800db66   0x00000018   Code   RO         4941    i.USART_Cmd         stm32f4xx_usart.o
    0x0800db7e   0x0800db7e   0x0000001a   Code   RO         4944    i.USART_GetFlagStatus  stm32f4xx_usart.o
    0x0800db98   0x0800db98   0x00000054   Code   RO         4945    i.USART_GetITStatus  stm32f4xx_usart.o
    0x0800dbec   0x0800dbec   0x0000004a   Code   RO         4947    i.USART_ITConfig    stm32f4xx_usart.o
    0x0800dc36   0x0800dc36   0x00000002   PAD
    0x0800dc38   0x0800dc38   0x000000d4   Code   RO         4948    i.USART_Init        stm32f4xx_usart.o
    0x0800dd0c   0x0800dd0c   0x0000000a   Code   RO         4955    i.USART_ReceiveData  stm32f4xx_usart.o
    0x0800dd16   0x0800dd16   0x00000008   Code   RO         4958    i.USART_SendData    stm32f4xx_usart.o
    0x0800dd1e   0x0800dd1e   0x00000002   PAD
    0x0800dd20   0x0800dd20   0x0000001c   Code   RO         7064    i.UnlockData        all_sensor_data.o
    0x0800dd3c   0x0800dd3c   0x00000004   Code   RO         6854    i.UsageFault_Handler  stm32f4xx_it.o
    0x0800dd40   0x0800dd40   0x0000009c   Code   RO         9282    i.Usart_Config      usart3_debug.o
    0x0800dddc   0x0800dddc   0x00000058   Code   RO         9283    i.Usart_GPIO_Config  usart3_debug.o
    0x0800de34   0x0800de34   0x00000058   Code   RO         9285    i.Usart_HandleRxErrors  usart3_debug.o
    0x0800de8c   0x0800de8c   0x0000000c   Code   RO         9287    i.Usart_RxNext      usart3_debug.o
    0x0800de98   0x0800de98   0x00000020   Code   RO         9289    i.Usart_SendByte    usart3_debug.o
    0x0800deb8   0x0800deb8   0x000000e0   Code   RO         7461    i.ValidateResponse  modbus_relay.o
    0x0800df98   0x0800df98   0x00000034   Code   RO         7462    i.WriteRelay        modbus_relay.o
    0x0800dfcc   0x0800dfcc   0x00000030   Code   RO         9754    i.__ARM_fpclassify  m_wm.l(fpclassify.o)
    0x0800dffc   0x0800dffc   0x00000004   PAD
    0x0800e000   0x0800e000   0x000000f8   Code   RO         9846    i.__hardfp___mathlib_tofloat  m_wm.l(narrow.o)
    0x0800e0f8   0x0800e0f8   0x00000038   Code   RO         9524    i.__hardfp_atof     m_wm.l(atof.o)
    0x0800e130   0x0800e130   0x000000d0   Code   RO         9896    i.__hardfp_ldexp    m_wm.l(ldexp.o)
    0x0800e200   0x0800e200   0x000000e0   Code   RO         9530    i.__hardfp_round    m_wm.l(round.o)
    0x0800e2e0   0x0800e2e0   0x00000020   Code   RO         9659    i.__mathlib_dbl_overflow  m_wm.l(dunder.o)
    0x0800e300   0x0800e300   0x00000020   Code   RO         9661    i.__mathlib_dbl_underflow  m_wm.l(dunder.o)
    0x0800e320   0x0800e320   0x00000012   Code   RO         9847    i.__mathlib_narrow  m_wm.l(narrow.o)
    0x0800e332   0x0800e332   0x00000014   Code   RO         9898    i.__support_ldexp   m_wm.l(ldexp.o)
    0x0800e346   0x0800e346   0x0000000e   Code   RO         9424    i._is_digit         c_w.l(__printf_wp.o)
    0x0800e354   0x0800e354   0x00000004   Code   RO         9291    i._sys_exit         usart3_debug.o
    0x0800e358   0x0800e358   0x00000008   Code   RO         9293    i.ferror            usart3_debug.o
    0x0800e360   0x0800e360   0x00000010   Code   RO         9294    i.fputc             usart3_debug.o
    0x0800e370   0x0800e370   0x0000008c   Code   RO         9877    i.frexp             m_wm.l(frexp.o)
    0x0800e3fc   0x0800e3fc   0x00000358   Code   RO         6724    i.main              main.o
    0x0800e754   0x0800e754   0x000000b8   Code   RO         6006    i.prvAddCurrentTaskToDelayedList  tasks.o
    0x0800e80c   0x0800e80c   0x000000f8   Code   RO         6007    i.prvAddNewTaskToReadyList  tasks.o
    0x0800e904   0x0800e904   0x0000005c   Code   RO         6521    i.prvCheckForValidListAndQueue  timers.o
    0x0800e960   0x0800e960   0x00000048   Code   RO         6008    i.prvCheckTasksWaitingTermination  tasks.o
    0x0800e9a8   0x0800e9a8   0x0000002a   Code   RO         5548    i.prvCopyDataFromQueue  queue.o
    0x0800e9d2   0x0800e9d2   0x0000007e   Code   RO         5549    i.prvCopyDataToQueue  queue.o
    0x0800ea50   0x0800ea50   0x00000088   Code   RO         6009    i.prvCreateIdleTasks  tasks.o
    0x0800ead8   0x0800ead8   0x0000004c   Code   RO         6010    i.prvCreateStaticTask  tasks.o
    0x0800eb24   0x0800eb24   0x0000005e   Code   RO         6011    i.prvCreateTask     tasks.o
    0x0800eb82   0x0800eb82   0x00000028   Code   RO         6012    i.prvDeleteTCB      tasks.o
    0x0800ebaa   0x0800ebaa   0x00000014   Code   RO         5550    i.prvGetDisinheritPriorityAfterTimeout  queue.o
    0x0800ebbe   0x0800ebbe   0x00000002   PAD
    0x0800ebc0   0x0800ebc0   0x00000028   Code   RO         6522    i.prvGetNextExpireTime  timers.o
    0x0800ebe8   0x0800ebe8   0x0000006c   Code   RO         5198    i.prvHeapInit       heap_4.o
    0x0800ec54   0x0800ec54   0x00000028   Code   RO         6013    i.prvIdleTask       tasks.o
    0x0800ec7c   0x0800ec7c   0x0000001e   Code   RO         5551    i.prvInitialiseMutex  queue.o
    0x0800ec9a   0x0800ec9a   0x0000002e   Code   RO         5552    i.prvInitialiseNewQueue  queue.o
    0x0800ecc8   0x0800ecc8   0x00000086   Code   RO         6014    i.prvInitialiseNewTask  tasks.o
    0x0800ed4e   0x0800ed4e   0x00000002   PAD
    0x0800ed50   0x0800ed50   0x00000068   Code   RO         6015    i.prvInitialiseTaskLists  tasks.o
    0x0800edb8   0x0800edb8   0x00000068   Code   RO         5199    i.prvInsertBlockIntoFreeList  heap_4.o
    0x0800ee20   0x0800ee20   0x00000058   Code   RO         6524    i.prvInsertTimerInActiveList  timers.o
    0x0800ee78   0x0800ee78   0x0000001a   Code   RO         5553    i.prvIsQueueEmpty   queue.o
    0x0800ee92   0x0800ee92   0x0000001e   Code   RO         5554    i.prvIsQueueFull    queue.o
    0x0800eeb0   0x0800eeb0   0x0000005a   Code   RO         5555    i.prvNotifyQueueSetContainer  queue.o
    0x0800ef0a   0x0800ef0a   0x00000002   PAD
    0x0800ef0c   0x0800ef0c   0x00000044   Code   RO         6525    i.prvProcessExpiredTimer  timers.o
    0x0800ef50   0x0800ef50   0x0000011c   Code   RO         6526    i.prvProcessReceivedCommands  timers.o
    0x0800f06c   0x0800f06c   0x00000074   Code   RO         6527    i.prvProcessTimerOrBlockTask  timers.o
    0x0800f0e0   0x0800f0e0   0x00000028   Code   RO         6528    i.prvReloadTimer    timers.o
    0x0800f108   0x0800f108   0x00000030   Code   RO         6017    i.prvResetNextTaskUnblockTime  tasks.o
    0x0800f138   0x0800f138   0x0000002c   Code   RO         6529    i.prvSampleTimeNow  timers.o
    0x0800f164   0x0800f164   0x0000005c   Code   RO         6018    i.prvSearchForNameWithinSingleList  tasks.o
    0x0800f1c0   0x0800f1c0   0x00000044   Code   RO         6530    i.prvSwitchTimerLists  timers.o
    0x0800f204   0x0800f204   0x00000014   Code   RO         6020    i.prvTaskCheckFreeStackSpace  tasks.o
    0x0800f218   0x0800f218   0x00000016   Code   RO         5303    i.prvTaskExitError  port.o
    0x0800f22e   0x0800f22e   0x0000001a   Code   RO         6531    i.prvTimerTask      timers.o
    0x0800f248   0x0800f248   0x00000090   Code   RO         5556    i.prvUnlockQueue    queue.o
    0x0800f2d8   0x0800f2d8   0x00000100   Code   RO         5201    i.pvPortMalloc      heap_4.o
    0x0800f3d8   0x0800f3d8   0x00000014   Code   RO         6023    i.pvTaskIncrementMutexHeldCount  tasks.o
    0x0800f3ec   0x0800f3ec   0x0000002c   Code   RO         5304    i.pxPortInitialiseStack  port.o
    0x0800f418   0x0800f418   0x00000028   Code   RO         5512    i.uxListRemove      list.o
    0x0800f440   0x0800f440   0x0000000c   Code   RO         6028    i.uxTaskGetNumberOfTasks  tasks.o
    0x0800f44c   0x0800f44c   0x00000028   Code   RO         6029    i.uxTaskGetStackHighWaterMark  tasks.o
    0x0800f474   0x0800f474   0x00000018   Code   RO         6035    i.vApplicationGetIdleTaskMemory  tasks.o
    0x0800f48c   0x0800f48c   0x00000018   Code   RO         6036    i.vApplicationGetTimerTaskMemory  tasks.o
    0x0800f4a4   0x0800f4a4   0x00000050   Code   RO         6725    i.vApplicationStackOverflowHook  main.o
    0x0800f4f4   0x0800f4f4   0x00000020   Code   RO         5513    i.vListInitialise   list.o
    0x0800f514   0x0800f514   0x00000006   Code   RO         5514    i.vListInitialiseItem  list.o
    0x0800f51a   0x0800f51a   0x00000034   Code   RO         5515    i.vListInsert       list.o
    0x0800f54e   0x0800f54e   0x00000002   PAD
    0x0800f550   0x0800f550   0x00000024   Code   RO         5306    i.vPortEnterCritical  port.o
    0x0800f574   0x0800f574   0x00000020   Code   RO         5307    i.vPortExitCritical  port.o
    0x0800f594   0x0800f594   0x0000004c   Code   RO         5202    i.vPortFree         heap_4.o
    0x0800f5e0   0x0800f5e0   0x00000018   Code   RO         5308    i.vPortSetupTimerInterrupt  port.o
    0x0800f5f8   0x0800f5f8   0x0000004a   Code   RO         5566    i.vQueueWaitForMessageRestricted  queue.o
    0x0800f642   0x0800f642   0x00000002   PAD
    0x0800f644   0x0800f644   0x00000034   Code   RO         6037    i.vTaskDelay        tasks.o
    0x0800f678   0x0800f678   0x00000018   Code   RO         6042    i.vTaskInternalSetTimeOutState  tasks.o
    0x0800f690   0x0800f690   0x0000000c   Code   RO         6044    i.vTaskMissedYield  tasks.o
    0x0800f69c   0x0800f69c   0x00000020   Code   RO         6045    i.vTaskPlaceOnEventList  tasks.o
    0x0800f6bc   0x0800f6bc   0x00000050   Code   RO         6046    i.vTaskPlaceOnEventListRestricted  tasks.o
    0x0800f70c   0x0800f70c   0x000000c8   Code   RO         6048    i.vTaskPriorityDisinheritAfterTimeout  tasks.o
    0x0800f7d4   0x0800f7d4   0x00000058   Code   RO         6056    i.vTaskStartScheduler  tasks.o
    0x0800f82c   0x0800f82c   0x00000010   Code   RO         6058    i.vTaskSuspendAll   tasks.o
    0x0800f83c   0x0800f83c   0x000000c4   Code   RO         6059    i.vTaskSwitchContext  tasks.o
    0x0800f900   0x0800f900   0x0000000c   Code   RO         5206    i.xPortGetFreeHeapSize  heap_4.o
    0x0800f90c   0x0800f90c   0x0000000c   Code   RO         5207    i.xPortGetMinimumEverFreeHeapSize  heap_4.o
    0x0800f918   0x0800f918   0x00000048   Code   RO         5309    i.xPortStartScheduler  port.o
    0x0800f960   0x0800f960   0x00000022   Code   RO         5570    i.xQueueCreateMutex  queue.o
    0x0800f982   0x0800f982   0x00000052   Code   RO         5573    i.xQueueGenericCreate  queue.o
    0x0800f9d4   0x0800f9d4   0x0000003e   Code   RO         5574    i.xQueueGenericCreateStatic  queue.o
    0x0800fa12   0x0800fa12   0x00000002   PAD
    0x0800fa14   0x0800fa14   0x000000a0   Code   RO         5576    i.xQueueGenericReset  queue.o
    0x0800fab4   0x0800fab4   0x00000148   Code   RO         5577    i.xQueueGenericSend  queue.o
    0x0800fbfc   0x0800fbfc   0x00000030   Code   RO         5580    i.xQueueGiveMutexRecursive  queue.o
    0x0800fc2c   0x0800fc2c   0x00000104   Code   RO         5585    i.xQueueReceive     queue.o
    0x0800fd30   0x0800fd30   0x00000130   Code   RO         5590    i.xQueueSemaphoreTake  queue.o
    0x0800fe60   0x0800fe60   0x00000036   Code   RO         5591    i.xQueueTakeMutexRecursive  queue.o
    0x0800fe96   0x0800fe96   0x00000002   PAD
    0x0800fe98   0x0800fe98   0x0000007c   Code   RO         6063    i.xTaskCheckForTimeOut  tasks.o
    0x0800ff14   0x0800ff14   0x00000038   Code   RO         6064    i.xTaskCreate       tasks.o
    0x0800ff4c   0x0800ff4c   0x00000040   Code   RO         6065    i.xTaskCreateStatic  tasks.o
    0x0800ff8c   0x0800ff8c   0x00000074   Code   RO         6066    i.xTaskDelayUntil   tasks.o
    0x08010000   0x08010000   0x0000000c   Code   RO         6073    i.xTaskGetCurrentTaskHandle  tasks.o
    0x0801000c   0x0801000c   0x0000007c   Code   RO         6075    i.xTaskGetHandle    tasks.o
    0x08010088   0x08010088   0x0000000c   Code   RO         6076    i.xTaskGetIdleTaskHandle  tasks.o
    0x08010094   0x08010094   0x00000020   Code   RO         6078    i.xTaskGetSchedulerState  tasks.o
    0x080100b4   0x080100b4   0x0000000c   Code   RO         6080    i.xTaskGetTickCount  tasks.o
    0x080100c0   0x080100c0   0x000001a4   Code   RO         6082    i.xTaskIncrementTick  tasks.o
    0x08010264   0x08010264   0x000000a0   Code   RO         6083    i.xTaskPriorityDisinherit  tasks.o
    0x08010304   0x08010304   0x000000e0   Code   RO         6084    i.xTaskPriorityInherit  tasks.o
    0x080103e4   0x080103e4   0x0000011c   Code   RO         6085    i.xTaskRemoveFromEventList  tasks.o
    0x08010500   0x08010500   0x00000180   Code   RO         6086    i.xTaskResumeAll    tasks.o
    0x08010680   0x08010680   0x00000060   Code   RO         6541    i.xTimerCreateTimerTask  timers.o
    0x080106e0   0x080106e0   0x0000002c   Code   RO         9748    locale$$code        c_w.l(lc_numeric_c.o)
    0x0801070c   0x0801070c   0x0000002c   Code   RO         9765    locale$$code        c_w.l(lc_ctype_c.o)
    0x08010738   0x08010738   0x00000018   Code   RO         9474    x$fpl$basic         fz_wm.l(basic.o)
    0x08010750   0x08010750   0x00000062   Code   RO         9476    x$fpl$d2f           fz_wm.l(d2f.o)
    0x080107b2   0x080107b2   0x00000002   PAD
    0x080107b4   0x080107b4   0x00000150   Code   RO         9478    x$fpl$dadd          fz_wm.l(daddsub_clz.o)
    0x08010904   0x08010904   0x00000010   Code   RO         9947    x$fpl$dcheck1       fz_wm.l(dcheck1.o)
    0x08010914   0x08010914   0x00000018   Code   RO         9622    x$fpl$dcmpinf       fz_wm.l(dcmpi.o)
    0x0801092c   0x0801092c   0x00000078   Code   RO         9873    x$fpl$deqf          fz_wm.l(deqf.o)
    0x080109a4   0x080109a4   0x0000005a   Code   RO         9492    x$fpl$dfixu         fz_wm.l(dfixu.o)
    0x080109fe   0x080109fe   0x00000026   Code   RO         9496    x$fpl$dfltu         fz_wm.l(dflt_clz.o)
    0x08010a24   0x08010a24   0x00000078   Code   RO         9502    x$fpl$dleqf         fz_wm.l(dleqf.o)
    0x08010a9c   0x08010a9c   0x00000154   Code   RO         9504    x$fpl$dmul          fz_wm.l(dmul.o)
    0x08010bf0   0x08010bf0   0x0000009c   Code   RO         9624    x$fpl$dnaninf       fz_wm.l(dnaninf.o)
    0x08010c8c   0x08010c8c   0x0000000c   Code   RO         9626    x$fpl$dretinf       fz_wm.l(dretinf.o)
    0x08010c98   0x08010c98   0x0000006c   Code   RO         9506    x$fpl$drleqf        fz_wm.l(drleqf.o)
    0x08010d04   0x08010d04   0x000000b4   Code   RO         9628    x$fpl$drnd          fz_wm.l(drnd.o)
    0x08010db8   0x08010db8   0x00000016   Code   RO         9479    x$fpl$drsb          fz_wm.l(daddsub_clz.o)
    0x08010dce   0x08010dce   0x00000002   PAD
    0x08010dd0   0x08010dd0   0x000001d4   Code   RO         9480    x$fpl$dsub          fz_wm.l(daddsub_clz.o)
    0x08010fa4   0x08010fa4   0x00000056   Code   RO         9508    x$fpl$f2d           fz_wm.l(f2d.o)
    0x08010ffa   0x08010ffa   0x0000008c   Code   RO         9630    x$fpl$fnaninf       fz_wm.l(fnaninf.o)
    0x08011086   0x08011086   0x0000000a   Code   RO         9838    x$fpl$fpinit        fz_wm.l(fpinit.o)
    0x08011090   0x08011090   0x0000000a   Code   RO         9632    x$fpl$fretinf       fz_wm.l(fretinf.o)
    0x0801109a   0x0801109a   0x00000006   Code   RO         9750    x$fpl$ieeestatus    fz_wm.l(istatus.o)
    0x080110a0   0x080110a0   0x00000004   Code   RO         9510    x$fpl$printf1       fz_wm.l(printf1.o)
    0x080110a4   0x080110a4   0x00000004   Code   RO         9634    x$fpl$printf2       fz_wm.l(printf2.o)
    0x080110a8   0x080110a8   0x00000064   Code   RO         9949    x$fpl$retnan        fz_wm.l(retnan.o)
    0x0801110c   0x0801110c   0x0000005c   Code   RO         9945    x$fpl$scalbn        fz_wm.l(scalbn.o)
    0x08011168   0x08011168   0x00000004   Code   RO         9752    x$fpl$scanf1        fz_wm.l(scanf1.o)
    0x0801116c   0x0801116c   0x00000008   Code   RO         9840    x$fpl$scanf2        fz_wm.l(scanf2.o)
    0x08011174   0x08011174   0x00000030   Code   RO         9951    x$fpl$trapveneer    fz_wm.l(trapv.o)
    0x080111a4   0x080111a4   0x00000000   Code   RO         9640    x$fpl$usenofp       fz_wm.l(usenofp.o)
    0x080111a4   0x080111a4   0x00000005   Data   RO         6726    .constdata          main.o
    0x080111a9   0x080111a9   0x0000000b   Data   RO         7195    .constdata          logic.o
    0x080111b4   0x080111b4   0x00000078   Data   RO         7464    .constdata          modbus_relay.o
    0x0801122c   0x0801122c   0x00000bfb   Data   RO         7818    .constdata          oled_data.o
    0x08011e27   0x08011e27   0x00000013   Data   RO         7895    .constdata          screen.o
    0x08011e3a   0x08011e3a   0x00000002   PAD
    0x08011e3c   0x08011e3c   0x00000010   Data   RO         8261    .constdata          esp01s.o
    0x08011e4c   0x08011e4c   0x000001a0   Data   RO         8712    .constdata          mqtt_app.o
    0x08011fec   0x08011fec   0x00000011   Data   RO         9432    .constdata          c_w.l(__printf_flags_ss_wp.o)
    0x08011ffd   0x08011ffd   0x00000003   PAD
    0x08012000   0x08012000   0x00000008   Data   RO         9567    .constdata          c_w.l(_printf_wctomb.o)
    0x08012008   0x08012008   0x00000028   Data   RO         9596    .constdata          c_w.l(_printf_hex_int_ll_ptr.o)
    0x08012030   0x08012030   0x00000026   Data   RO         9708    .constdata          c_w.l(_printf_fp_hex.o)
    0x08012056   0x08012056   0x00000002   PAD
    0x08012058   0x08012058   0x00000094   Data   RO         9721    .constdata          c_w.l(bigflt0.o)
    0x080120ec   0x080120ec   0x000000d8   Data   RO         7896    .conststring        screen.o
    0x080121c4   0x080121c4   0x00000746   Data   RO         8713    .conststring        mqtt_app.o
    0x0801290a   0x0801290a   0x00000002   PAD
    0x0801290c   0x0801290c   0x00000020   Data   RO         9953    Region$$Table       anon$$obj.o
    0x0801292c   0x0801292c   0x00000008   Data   RO         9834    c$$dinf             fz_wm.l(fpconst.o)
    0x08012934   0x08012934   0x00000008   Data   RO         9837    c$$dmax             fz_wm.l(fpconst.o)
    0x0801293c   0x0801293c   0x0000001c   Data   RO         9747    locale$$data        c_w.l(lc_numeric_c.o)
    0x08012958   0x08012958   0x00000110   Data   RO         9764    locale$$data        c_w.l(lc_ctype_c.o)


    Execution Region RW_IRAM1 (Exec base: 0x20000000, Load base: 0x08012a68, Size: 0x00016310, Max: 0x00020000, ABSOLUTE, COMPRESSED[0x0000005c])

    Exec Addr    Load Addr    Size         Type   Attr      Idx    E Section Name        Object

    0x20000000   COMPRESSED   0x00000010   Data   RW         3026    .data               stm32f4xx_rcc.o
    0x20000010   COMPRESSED   0x0000001c   Data   RW         5209    .data               heap_4.o
    0x2000002c   COMPRESSED   0x00000004   Data   RW         5310    .data               port.o
    0x20000030   COMPRESSED   0x00000040   Data   RW         6089    .data               tasks.o
    0x20000070   COMPRESSED   0x00000014   Data   RW         6553    .data               timers.o
    0x20000084   COMPRESSED   0x00000014   Data   RW         6912    .data               system_stm32f4xx.o
    0x20000098   COMPRESSED   0x00000024   Data   RW         7066    .data               all_sensor_data.o
    0x200000bc   COMPRESSED   0x00000026   Data   RW         7196    .data               logic.o
    0x200000e2   COMPRESSED   0x00000002   PAD
    0x200000e4   COMPRESSED   0x00000004   Data   RW         7465    .data               modbus_relay.o
    0x200000e8   COMPRESSED   0x0000007c   Data   RW         7897    .data               screen.o
    0x20000164   COMPRESSED   0x00000015   Data   RW         8262    .data               esp01s.o
    0x20000179   COMPRESSED   0x00000009   Data   RW         8595    .data               motor_fan.o
    0x20000182   COMPRESSED   0x00000002   PAD
    0x20000184   COMPRESSED   0x00000040   Data   RW         8714    .data               mqtt_app.o
    0x200001c4   COMPRESSED   0x0000001c   Data   RW         8921    .data               runtime_config.o
    0x200001e0   COMPRESSED   0x00000014   Data   RW         9027    .data               uart1_modbus.o
    0x200001f4   COMPRESSED   0x00000010   Data   RW         9128    .data               uart2_esp01s.o
    0x20000204   COMPRESSED   0x00000010   Data   RW         9210    .data               uart4_screen.o
    0x20000214   COMPRESSED   0x00000018   Data   RW         9296    .data               usart3_debug.o
    0x2000022c        -       0x00005000   Zero   RW         5208    .bss                heap_4.o
    0x2000522c        -       0x000005d8   Zero   RW         6088    .bss                tasks.o
    0x20005804        -       0x0000013c   Zero   RW         6552    .bss                timers.o
    0x20005940        -       0x0000001c   Zero   RW         7065    .bss                all_sensor_data.o
    0x2000595c        -       0x000000d8   Zero   RW         7194    .bss                logic.o
    0x20005a34        -       0x0000001c   Zero   RW         7463    .bss                modbus_relay.o
    0x20005a50        -       0x00000400   Zero   RW         7604    .bss                oled.o
    0x20005e50        -       0x00008fc0   Zero   RW         7894    .bss                screen.o
    0x2000ee10        -       0x00002738   Zero   RW         8260    .bss                esp01s.o
    0x20011548        -       0x00003c78   Zero   RW         8711    .bss                mqtt_app.o
    0x200151c0        -       0x00000070   Zero   RW         8920    .bss                runtime_config.o
    0x20015230        -       0x00000080   Zero   RW         9026    .bss                uart1_modbus.o
    0x200152b0        -       0x00000800   Zero   RW         9127    .bss                uart2_esp01s.o
    0x20015ab0        -       0x00000100   Zero   RW         9209    .bss                uart4_screen.o
    0x20015bb0        -       0x00000100   Zero   RW         9295    .bss                usart3_debug.o
    0x20015cb0        -       0x00000060   Zero   RW         9677    .bss                c_w.l(libspace.o)
    0x20015d10        -       0x00000200   Zero   RW            2    HEAP                startup_stm32f40_41xxx.o
    0x20015f10        -       0x00000400   Zero   RW            1    STACK               startup_stm32f40_41xxx.o


==============================================================================

Image component sizes


      Code (inc. data)   RO Data    RW Data    ZI Data      Debug   Object Name

      1174        258          0         36         28       9102   all_sensor_data.o
         0          0          0          0          0       6704   croutine.o
       176         22          0          0          0       2134   delay.o
       668        376          0          0          0       1356   diag_task.o
      7562       1308         16         21      10040      44254   esp01s.o
         0          0          0          0          0      44784   event_groups.o
       568         70          0         28      20480      55696   heap_4.o
       654         24          0          0          0       5102   json_parse.o
       130          0          0          0          0       2853   list.o
      5256        440         11         38        216      40962   logic.o
      1316        544          5          0          0      19576   main.o
         0          0          0          0          0     298288   misc.o
      1740        254        120          4         28      11110   modbus_relay.o
       544         62          0          9          0       7146   motor_fan.o
     10992       2772       2278         64      15480      38115   mqtt_app.o
      1786         56          0          0       1024      14363   oled.o
         0          0       3067          0          0       1198   oled_data.o
       472         56          0          4          0       9736   port.o
      1960         18          0          0          0      19728   queue.o
      1050        122          0         28        112      11601   runtime_config.o
      8266       1978        235        124      36800      51245   screen.o
        64         26        392          0       1536        864   startup_stm32f40_41xxx.o
         0          0          0          0          0      15368   stm32f4xx_dfsdm.o
       402         40          0          0          0      13473   stm32f4xx_flash.o
       240          0          0          0          0      10590   stm32f4xx_gpio.o
        20          0          0          0          0       2765   stm32f4xx_it.o
       328         36          0         16          0       4715   stm32f4xx_rcc.o
       364         38          0          0          0      25095   stm32f4xx_tim.o
       468          8          0          0          0      12127   stm32f4xx_usart.o
       340         32          0         20          0       1913   system_stm32f4xx.o
      4132        448          0         64       1496      79279   tasks.o
       962        112          0         20        316      14408   timers.o
       986        134          0         20        128      35543   uart1_modbus.o
       626         74          0         16       2048      32466   uart2_esp01s.o
       592         76          0         16        256       5757   uart4_screen.o
       508         54          0         24        256       7179   usart3_debug.o

    ----------------------------------------------------------------------
     54408       9438       6160        556      90244     956595   Object Totals
         0          0         32          0          0          0   (incl. Generated)
        62          0          4          4          0          0   (incl. Padding)

    ----------------------------------------------------------------------

      Code (inc. data)   RO Data    RW Data    ZI Data      Debug   Library Member Name

        24          4          0          0          0         84   __2printf.o
        56          6          0          0          0         88   __2snprintf.o
        90          0          0          0          0          0   __dczerorl2.o
         8          0          0          0          0         68   __main.o
       392          4         17          0          0         92   __printf_flags_ss_wp.o
        14          0          0          0          0         68   __printf_wp.o
         0          0          0          0          0          0   __rtentry.o
        12          0          0          0          0          0   __rtentry2.o
         6          0          0          0          0          0   __rtentry4.o
        52          8          0          0          0          0   __scatter.o
        28          0          0          0          0          0   __scatter_zi.o
        28          0          0          0          0         68   _chval.o
         6          0          0          0          0          0   _printf_a.o
         6          0          0          0          0          0   _printf_c.o
        44          0          0          0          0        108   _printf_char.o
        48          6          0          0          0         96   _printf_char_common.o
        36          4          0          0          0         80   _printf_char_file.o
        40          0          0          0          0         68   _printf_charcount.o
         6          0          0          0          0          0   _printf_d.o
       120         16          0          0          0         92   _printf_dec.o
         6          0          0          0          0          0   _printf_e.o
         6          0          0          0          0          0   _printf_f.o
      1054          0          0          0          0        216   _printf_fp_dec.o
       764          8         38          0          0        100   _printf_fp_hex.o
       128         16          0          0          0         84   _printf_fp_infnan.o
         6          0          0          0          0          0   _printf_g.o
       148          4         40          0          0        160   _printf_hex_int_ll_ptr.o
         6          0          0          0          0          0   _printf_i.o
       178          0          0          0          0         88   _printf_intcommon.o
        10          0          0          0          0          0   _printf_l.o
         6          0          0          0          0          0   _printf_lc.o
        10          0          0          0          0          0   _printf_ll.o
         6          0          0          0          0          0   _printf_lld.o
         6          0          0          0          0          0   _printf_lli.o
         6          0          0          0          0          0   _printf_llo.o
         6          0          0          0          0          0   _printf_llu.o
         6          0          0          0          0          0   _printf_llx.o
       124         16          0          0          0         92   _printf_longlong_dec.o
         6          0          0          0          0          0   _printf_ls.o
         6          0          0          0          0          0   _printf_n.o
         6          0          0          0          0          0   _printf_o.o
       112         10          0          0          0        124   _printf_oct_int_ll.o
         6          0          0          0          0          0   _printf_p.o
        78          0          0          0          0        108   _printf_pad.o
         0          0          0          0          0          0   _printf_percent.o
         4          0          0          0          0          0   _printf_percent_end.o
         6          0          0          0          0          0   _printf_s.o
        82          0          0          0          0         80   _printf_str.o
        36          0          0          0          0         84   _printf_truncate.o
         6          0          0          0          0          0   _printf_u.o
        44          0          0          0          0        108   _printf_wchar.o
       188          6          8          0          0         92   _printf_wctomb.o
         6          0          0          0          0          0   _printf_x.o
        22          0          0          0          0        100   _rserrno.o
        64          0          0          0          0         84   _sgetc.o
        16          0          0          0          0         68   _snputc.o
        10          0          0          0          0         68   _sputc.o
       158          0          0          0          0         92   _strtoul.o
        64          0          0          0          0         92   _wcrtomb.o
        16          0          0          0          0         68   aeabi_memset.o
        26          0          0          0          0         80   atoi.o
       228          4        148          0          0         96   bigflt0.o
      2152        136          0          0          0        960   btod.o
        18          0          0          0          0         80   exit.o
         6          0          0          0          0        152   heapauxi.o
        18          0          0          0          0         76   isspace.o
        44         10        272          0          0         76   lc_ctype_c.o
        44         10         28          0          0         76   lc_numeric_c.o
         2          0          0          0          0          0   libinit.o
        34          0          0          0          0          0   libinit2.o
         2          0          0          0          0          0   libshutdown.o
         2          0          0          0          0          0   libshutdown2.o
         8          4          0          0         96         68   libspace.o
        38          0          0          0          0         68   llshl.o
       138          0          0          0          0         80   lludiv10.o
       238          0          0          0          0        100   lludivv7m.o
        88          0          0          0          0         76   memcmp.o
        16          4          0          0          0         76   rt_ctype_table.o
         8          4          0          0          0         68   rt_errno_addr_intlibspace.o
         8          4          0          0          0         68   rt_locale_intlibspace.o
        68          0          0          0          0         68   rt_memclr.o
        78          0          0          0          0         80   rt_memclr_w.o
       138          0          0          0          0         68   rt_memcpy_v6.o
       100          0          0          0          0         80   rt_memcpy_w.o
       132          0          0          0          0         68   rt_memmove_v6.o
       122          0          0          0          0         80   rt_memmove_w.o
         2          0          0          0          0          0   rtexit.o
        10          0          0          0          0          0   rtexit2.o
      1272         16          0          0          0        168   scanf_fp.o
       800         14          0          0          0        100   scanf_hexfp.o
       308         16          0          0          0        100   scanf_infnan.o
        20          0          0          0          0         68   strchr.o
       128          0          0          0          0         68   strcmpv7m.o
        72          0          0          0          0         80   strcpy.o
        62          0          0          0          0         76   strlen.o
       150          0          0          0          0         80   strncmp.o
        86          0          0          0          0         76   strncpy.o
        36          0          0          0          0         80   strstr.o
       164         14          0          0          0        120   strtod.o
       112          0          0          0          0         88   strtol.o
        74          0          0          0          0         80   sys_stackheap_outer.o
         2          0          0          0          0         68   use_no_semi.o
         2          0          0          0          0         68   use_no_semi_2.o
        52          4          0          0          0         80   vsnprintf.o
        24          0          0          0          0        164   basic.o
        98          4          0          0          0        140   d2f.o
       826         16          0          0          0        492   daddsub_clz.o
        16          4          0          0          0        116   dcheck1.o
        24          0          0          0          0        116   dcmpi.o
       120          4          0          0          0        140   deqf.o
        90          4          0          0          0        140   dfixu.o
        38          0          0          0          0        116   dflt_clz.o
       120          4          0          0          0        140   dleqf.o
       340         12          0          0          0        152   dmul.o
       156          4          0          0          0        140   dnaninf.o
        12          0          0          0          0        116   dretinf.o
       108          0          0          0          0        128   drleqf.o
       180          4          0          0          0        128   drnd.o
        86          4          0          0          0        132   f2d.o
       140          4          0          0          0        132   fnaninf.o
         0          0         16          0          0          0   fpconst.o
        10          0          0          0          0        116   fpinit.o
        10          0          0          0          0        116   fretinf.o
         6          0          0          0          0        116   istatus.o
         4          0          0          0          0        116   printf1.o
         4          0          0          0          0        116   printf2.o
       100          0          0          0          0        116   retnan.o
        92          0          0          0          0        116   scalbn.o
         4          0          0          0          0        116   scanf1.o
         8          0          0          0          0        132   scanf2.o
        48          0          0          0          0        116   trapv.o
         0          0          0          0          0          0   usenofp.o
        56         12          0          0          0        132   atof.o
        64         16          0          0          0        248   dunder.o
        48          0          0          0          0        124   fpclassify.o
       140         22          0          0          0        132   frexp.o
       228          8          0          0          0        308   ldexp.o
       266         16          0          0          0        308   narrow.o
       224         30          0          0          0        172   round.o

    ----------------------------------------------------------------------
     15252        518        572          0         96      11956   Library Totals
        26          2          5          0          0          0   (incl. Padding)

    ----------------------------------------------------------------------

      Code (inc. data)   RO Data    RW Data    ZI Data      Debug   Library Name

     11536        348        551          0         96       6864   c_w.l
      2664         64         16          0          0       3668   fz_wm.l
      1026        104          0          0          0       1424   m_wm.l

    ----------------------------------------------------------------------
     15252        518        572          0         96      11956   Library Totals

    ----------------------------------------------------------------------

==============================================================================


      Code (inc. data)   RO Data    RW Data    ZI Data      Debug   

     69660       9956       6732        556      90340     915851   Grand Totals
     69660       9956       6732         92      90340     915851   ELF Image Totals (compressed)
     69660       9956       6732         92          0          0   ROM Totals

==============================================================================

    Total RO  Size (Code + RO Data)                76392 (  74.60kB)
    Total RW  Size (RW Data + ZI Data)             90896 (  88.77kB)
    Total ROM Size (Code + RO Data + RW Data)      76484 (  74.69kB)

==============================================================================

